Archive member included to satisfy reference by file (symbol)

c:/intelfpga_lite/20.1/nios2eds/bin/gnu/h-x86_64-mingw32/bin/../lib/gcc/nios2-elf/10.1.1/../../../../../H-x86_64-mingw32/nios2-elf/lib\libc.a(lib_a-puts.o)
                              obj/default/main.o (puts)
c:/intelfpga_lite/20.1/nios2eds/bin/gnu/h-x86_64-mingw32/bin/../lib/gcc/nios2-elf/10.1.1/../../../../../H-x86_64-mingw32/nios2-elf/lib\libc.a(lib_a-strlen.o)
                              c:/intelfpga_lite/20.1/nios2eds/bin/gnu/h-x86_64-mingw32/bin/../lib/gcc/nios2-elf/10.1.1/../../../../../H-x86_64-mingw32/nios2-elf/lib\libc.a(lib_a-puts.o) (strlen)
c:/intelfpga_lite/20.1/nios2eds/bin/gnu/h-x86_64-mingw32/bin/../lib/gcc/nios2-elf/10.1.1/../../../../../H-x86_64-mingw32/nios2-elf/lib\libc.a(lib_a-findfp.o)
                              c:/intelfpga_lite/20.1/nios2eds/bin/gnu/h-x86_64-mingw32/bin/../lib/gcc/nios2-elf/10.1.1/../../../../../H-x86_64-mingw32/nios2-elf/lib\libc.a(lib_a-puts.o) (__sinit)
c:/intelfpga_lite/20.1/nios2eds/bin/gnu/h-x86_64-mingw32/bin/../lib/gcc/nios2-elf/10.1.1/../../../../../H-x86_64-mingw32/nios2-elf/lib\libc.a(lib_a-fvwrite.o)
                              c:/intelfpga_lite/20.1/nios2eds/bin/gnu/h-x86_64-mingw32/bin/../lib/gcc/nios2-elf/10.1.1/../../../../../H-x86_64-mingw32/nios2-elf/lib\libc.a(lib_a-puts.o) (__sfvwrite_r)
c:/intelfpga_lite/20.1/nios2eds/bin/gnu/h-x86_64-mingw32/bin/../lib/gcc/nios2-elf/10.1.1/../../../../../H-x86_64-mingw32/nios2-elf/lib\libc.a(lib_a-fwalk.o)
                              c:/intelfpga_lite/20.1/nios2eds/bin/gnu/h-x86_64-mingw32/bin/../lib/gcc/nios2-elf/10.1.1/../../../../../H-x86_64-mingw32/nios2-elf/lib\libc.a(lib_a-findfp.o) (_fwalk)
c:/intelfpga_lite/20.1/nios2eds/bin/gnu/h-x86_64-mingw32/bin/../lib/gcc/nios2-elf/10.1.1/../../../../../H-x86_64-mingw32/nios2-elf/lib\libc.a(lib_a-impure.o)
                              c:/intelfpga_lite/20.1/nios2eds/bin/gnu/h-x86_64-mingw32/bin/../lib/gcc/nios2-elf/10.1.1/../../../../../H-x86_64-mingw32/nios2-elf/lib\libc.a(lib_a-findfp.o) (_global_impure_ptr)
c:/intelfpga_lite/20.1/nios2eds/bin/gnu/h-x86_64-mingw32/bin/../lib/gcc/nios2-elf/10.1.1/../../../../../H-x86_64-mingw32/nios2-elf/lib\libc.a(lib_a-mallocr.o)
                              c:/intelfpga_lite/20.1/nios2eds/bin/gnu/h-x86_64-mingw32/bin/../lib/gcc/nios2-elf/10.1.1/../../../../../H-x86_64-mingw32/nios2-elf/lib\libc.a(lib_a-findfp.o) (_malloc_r)
c:/intelfpga_lite/20.1/nios2eds/bin/gnu/h-x86_64-mingw32/bin/../lib/gcc/nios2-elf/10.1.1/../../../../../H-x86_64-mingw32/nios2-elf/lib\libc.a(lib_a-memchr.o)
                              c:/intelfpga_lite/20.1/nios2eds/bin/gnu/h-x86_64-mingw32/bin/../lib/gcc/nios2-elf/10.1.1/../../../../../H-x86_64-mingw32/nios2-elf/lib\libc.a(lib_a-fvwrite.o) (memchr)
c:/intelfpga_lite/20.1/nios2eds/bin/gnu/h-x86_64-mingw32/bin/../lib/gcc/nios2-elf/10.1.1/../../../../../H-x86_64-mingw32/nios2-elf/lib\libc.a(lib_a-memcpy.o)
                              c:/intelfpga_lite/20.1/nios2eds/bin/gnu/h-x86_64-mingw32/bin/../lib/gcc/nios2-elf/10.1.1/../../../../../H-x86_64-mingw32/nios2-elf/lib\libc.a(lib_a-fvwrite.o) (memcpy)
c:/intelfpga_lite/20.1/nios2eds/bin/gnu/h-x86_64-mingw32/bin/../lib/gcc/nios2-elf/10.1.1/../../../../../H-x86_64-mingw32/nios2-elf/lib\libc.a(lib_a-memmove.o)
                              c:/intelfpga_lite/20.1/nios2eds/bin/gnu/h-x86_64-mingw32/bin/../lib/gcc/nios2-elf/10.1.1/../../../../../H-x86_64-mingw32/nios2-elf/lib\libc.a(lib_a-fvwrite.o) (memmove)
c:/intelfpga_lite/20.1/nios2eds/bin/gnu/h-x86_64-mingw32/bin/../lib/gcc/nios2-elf/10.1.1/../../../../../H-x86_64-mingw32/nios2-elf/lib\libc.a(lib_a-memset.o)
                              c:/intelfpga_lite/20.1/nios2eds/bin/gnu/h-x86_64-mingw32/bin/../lib/gcc/nios2-elf/10.1.1/../../../../../H-x86_64-mingw32/nios2-elf/lib\libc.a(lib_a-findfp.o) (memset)
c:/intelfpga_lite/20.1/nios2eds/bin/gnu/h-x86_64-mingw32/bin/../lib/gcc/nios2-elf/10.1.1/../../../../../H-x86_64-mingw32/nios2-elf/lib\libc.a(lib_a-reallocr.o)
                              c:/intelfpga_lite/20.1/nios2eds/bin/gnu/h-x86_64-mingw32/bin/../lib/gcc/nios2-elf/10.1.1/../../../../../H-x86_64-mingw32/nios2-elf/lib\libc.a(lib_a-fvwrite.o) (_realloc_r)
c:/intelfpga_lite/20.1/nios2eds/bin/gnu/h-x86_64-mingw32/bin/../lib/gcc/nios2-elf/10.1.1/../../../../../H-x86_64-mingw32/nios2-elf/lib\libc.a(lib_a-sbrkr.o)
                              c:/intelfpga_lite/20.1/nios2eds/bin/gnu/h-x86_64-mingw32/bin/../lib/gcc/nios2-elf/10.1.1/../../../../../H-x86_64-mingw32/nios2-elf/lib\libc.a(lib_a-mallocr.o) (_sbrk_r)
c:/intelfpga_lite/20.1/nios2eds/bin/gnu/h-x86_64-mingw32/bin/../lib/gcc/nios2-elf/10.1.1/../../../../../H-x86_64-mingw32/nios2-elf/lib\libc.a(lib_a-stdio.o)
                              c:/intelfpga_lite/20.1/nios2eds/bin/gnu/h-x86_64-mingw32/bin/../lib/gcc/nios2-elf/10.1.1/../../../../../H-x86_64-mingw32/nios2-elf/lib\libc.a(lib_a-findfp.o) (__sread)
[...]
Memory Configuration

Name             Origin             Length             Attributes
reset            0x0000000000040000 0x0000000000000020
onchip_memory2   0x0000000000040020 0x0000000000031fe0
*default*        0x0000000000000000 0xffffffffffffffff

Linker script and memory map

LOAD c:/Users/Johannes/source/repos/AudioVisualizer/software/SampleProject_bsp//obj/HAL/src/crt0.o
LOAD obj/default/main.o
LOAD c:/intelfpga_lite/20.1/nios2eds/bin/gnu/h-x86_64-mingw32/bin/../lib/gcc/nios2-elf/10.1.1/../../../../../H-x86_64-mingw32/nios2-elf/lib\libstdc++.a
LOAD c:/intelfpga_lite/20.1/nios2eds/bin/gnu/h-x86_64-mingw32/bin/../lib/gcc/nios2-elf/10.1.1/../../../../../H-x86_64-mingw32/nios2-elf/lib\libm.a
LOAD c:/intelfpga_lite/20.1/nios2eds/bin/gnu/h-x86_64-mingw32/bin/../lib/gcc/nios2-elf/10.1.1\libgcc.a
START GROUP
LOAD c:/intelfpga_lite/20.1/nios2eds/bin/gnu/h-x86_64-mingw32/bin/../lib/gcc/nios2-elf/10.1.1/../../../../../H-x86_64-mingw32/nios2-elf/lib\libc.a
LOAD c:/intelfpga_lite/20.1/nios2eds/bin/gnu/h-x86_64-mingw32/bin/../lib/gcc/nios2-elf/10.1.1\libgcc.a
LOAD c:/Users/Johannes/source/repos/AudioVisualizer/software/SampleProject_bsp/\libhal_bsp.a
LOAD c:/intelfpga_lite/20.1/nios2eds/bin/gnu/h-x86_64-mingw32/bin/../lib/gcc/nios2-elf/10.1.1/../../../../../H-x86_64-mingw32/nios2-elf/lib\libm.a
END GROUP
LOAD c:/intelfpga_lite/20.1/nios2eds/bin/gnu/h-x86_64-mingw32/bin/../lib/gcc/nios2-elf/10.1.1\libgcc.a
                0x0000000000040000                __alt_mem_onchip_memory2 = 0x40000

.entry          0x0000000000040000       0x20
 *(.entry)
 .entry         0x0000000000040000       0x20 c:/Users/Johannes/source/repos/AudioVisualizer/software/SampleProject_bsp//obj/HAL/src/crt0.o
                0x0000000000040000                __reset

.exceptions     0x0000000000040020      0x218
                0x0000000000040020                PROVIDE (__ram_exceptions_start = ABSOLUTE (.))
                0x0000000000040020                . = ALIGN (0x20)
 *(.irq)
 *(.exceptions.entry.label)
 .exceptions.entry.label
                0x0000000000040020        0x0 c:/Users/Johannes/source/repos/AudioVisualizer/software/SampleProject_bsp/\libhal_bsp.a(alt_irq_entry.o)
                0x0000000000040020                alt_irq_entry
 .exceptions.entry.label
                0x0000000000040020        0x0 c:/Users/Johannes/source/repos/AudioVisualizer/software/SampleProject_bsp/\libhal_bsp.a(alt_exception_entry.o)
                0x0000000000040020                alt_exception
 *(.exceptions.entry.user)
 *(.exceptions.entry.ecc_fatal)
 *(.exceptions.entry)
 .exceptions.entry
                0x0000000000040020       0x54 c:/Users/Johannes/source/repos/AudioVisualizer/software/SampleProject_bsp/\libhal_bsp.a(alt_exception_entry.o)
 *(.exceptions.irqtest.user)
 *(.exceptions.irqtest)
 .exceptions.irqtest
                0x0000000000040074       0x10 c:/Users/Johannes/source/repos/AudioVisualizer/software/SampleProject_bsp/\libhal_bsp.a(alt_irq_entry.o)
 *(.exceptions.irqhandler.user)
 *(.exceptions.irqhandler)
 .exceptions.irqhandler
                0x0000000000040084        0x4 c:/Users/Johannes/source/repos/AudioVisualizer/software/SampleProject_bsp/\libhal_bsp.a(alt_irq_entry.o)
 *(.exceptions.irqreturn.user)
 *(.exceptions.irqreturn)
 .exceptions.irqreturn
                0x0000000000040088        0x4 c:/Users/Johannes/source/repos/AudioVisualizer/software/SampleProject_bsp/\libhal_bsp.a(alt_irq_entry.o)
 *(.exceptions.notirq.label)
 .exceptions.notirq.label
                0x000000000004008c        0x0 c:/Users/Johannes/source/repos/AudioVisualizer/software/SampleProject_bsp/\libhal_bsp.a(alt_irq_entry.o)
 *(.exceptions.notirq.user)
 *(.exceptions.notirq)
 .exceptions.notirq
                0x000000000004008c        0x8 c:/Users/Johannes/source/repos/AudioVisualizer/software/SampleProject_bsp/\libhal_bsp.a(alt_exception_entry.o)
 *(.exceptions.soft.user)
 *(.exceptions.soft)
 *(.exceptions.unknown.user)
 *(.exceptions.unknown)
 .exceptions.unknown
                0x0000000000040094       0x14 c:/Users/Johannes/source/repos/AudioVisualizer/software/SampleProject_bsp/\libhal_bsp.a(alt_exception_entry.o)
 *(.exceptions.exit.label)
 .exceptions.exit.label
                0x00000000000400a8        0x0 c:/Users/Johannes/source/repos/AudioVisualizer/software/SampleProject_bsp/\libhal_bsp.a(alt_irq_entry.o)
 .exceptions.exit.label
                0x00000000000400a8        0x0 c:/Users/Johannes/source/repos/AudioVisualizer/software/SampleProject_bsp/\libhal_bsp.a(alt_exception_entry.o)
 *(.exceptions.exit.user)
 *(.exceptions.exit)
 .exceptions.exit
                0x00000000000400a8       0x54 c:/Users/Johannes/source/repos/AudioVisualizer/software/SampleProject_bsp/\libhal_bsp.a(alt_exception_entry.o)
 *(.exceptions)
 .exceptions    0x00000000000400fc       0xc8 c:/Users/Johannes/source/repos/AudioVisualizer/software/SampleProject_bsp/\libhal_bsp.a(alt_irq_handler.o)
                0x00000000000400fc                alt_irq_handler
 .exceptions    0x00000000000401c4       0x74 c:/Users/Johannes/source/repos/AudioVisualizer/software/SampleProject_bsp/\libhal_bsp.a(alt_instruction_exception_entry.o)
                0x00000000000401c4                alt_instruction_exception_entry
                0x0000000000040238                PROVIDE (__ram_exceptions_end = ABSOLUTE (.))
                0x0000000000040020                PROVIDE (__flash_exceptions_start = LOADADDR (.exceptions))

.text           0x0000000000040238     0x5460
                [!provide]                        PROVIDE (stext = ABSOLUTE (.))
 *(.interp)
 *(.hash)
 *(.dynsym)
 *(.dynstr)
 *(.gnu.version)
 *(.gnu.version_d)
 *(.gnu.version_r)
 *(.rel.init)
 *(.rela.init)
 *(.rel.text .rel.text.* .rel.gnu.linkonce.t.*)
 *(.rela.text .rela.text.* .rela.gnu.linkonce.t.*)
 *(.rel.fini)
 *(.rela.fini)
 *(.rel.rodata .rel.rodata.* .rel.gnu.linkonce.r.*)
 *(.rela.rodata .rela.rodata.* .rela.gnu.linkonce.r.*)
 *(.rel.data .rel.data.* .rel.gnu.linkonce.d.*)
 *(.rela.data .rela.data.* .rela.gnu.linkonce.d.*)
 *(.rel.tdata .rel.tdata.* .rel.gnu.linkonce.td.*)
 *(.rela.tdata .rela.tdata.* .rela.gnu.linkonce.td.*)
 *(.rel.tbss .rel.tbss.* .rel.gnu.linkonce.tb.*)
 *(.rela.tbss .rela.tbss.* .rela.gnu.linkonce.tb.*)
 *(.rel.ctors)
 *(.rela.ctors)
 *(.rel.dtors)
 *(.rela.dtors)
 *(.rel.got)
 *(.rela.got)
 *(.rel.sdata .rel.sdata.* .rel.gnu.linkonce.s.*)
 *(.rela.sdata .rela.sdata.* .rela.gnu.linkonce.s.*)
 *(.rel.sbss .rel.sbss.* .rel.gnu.linkonce.sb.*)
 *(.rela.sbss .rela.sbss.* .rela.gnu.linkonce.sb.*)
 *(.rel.sdata2 .rel.sdata2.* .rel.gnu.linkonce.s2.*)
 *(.rela.sdata2 .rela.sdata2.* .rela.gnu.linkonce.s2.*)
 *(.rel.sbss2 .rel.sbss2.* .rel.gnu.linkonce.sb2.*)
 *(.rela.sbss2 .rela.sbss2.* .rela.gnu.linkonce.sb2.*)
 *(.rel.bss .rel.bss.* .rel.gnu.linkonce.b.*)
 *(.rela.bss .rela.bss.* .rela.gnu.linkonce.b.*)
 *(.rel.plt)
 *(.rela.plt)
 *(.rel.dyn)
 *(.init)
 *(.plt)
 *(.text .stub .text.* .gnu.linkonce.t.*)
 .text          0x0000000000040238       0x4c c:/Users/Johannes/source/repos/AudioVisualizer/software/SampleProject_bsp//obj/HAL/src/crt0.o
                0x0000000000040238                _start
 .text          0x0000000000040284       0x34 obj/default/main.o
                0x0000000000040284                main
 .text          0x00000000000402b8        0x0 c:/intelfpga_lite/20.1/nios2eds/bin/gnu/h-x86_64-mingw32/bin/../lib/gcc/nios2-elf/10.1.1/../../../../../H-x86_64-mingw32/nios2-elf/lib\libc.a(lib_a-puts.o)
 .text._puts_r  0x00000000000402b8       0xcc c:/intelfpga_lite/20.1/nios2eds/bin/gnu/h-x86_64-mingw32/bin/../lib/gcc/nios2-elf/10.1.1/../../../../../H-x86_64-mingw32/nios2-elf/lib\libc.a(lib_a-puts.o)
                0x00000000000402b8                _puts_r
 .text.puts     0x0000000000040384       0x10 c:/intelfpga_lite/20.1/nios2eds/bin/gnu/h-x86_64-mingw32/bin/../lib/gcc/nios2-elf/10.1.1/../../../../../H-x86_64-mingw32/nios2-elf/lib\libc.a(lib_a-puts.o)
                0x0000000000040384                puts
 .text          0x0000000000040394        0x0 c:/intelfpga_lite/20.1/nios2eds/bin/gnu/h-x86_64-mingw32/bin/../lib/gcc/nios2-elf/10.1.1/../../../../../H-x86_64-mingw32/nios2-elf/lib\libc.a(lib_a-strlen.o)
 .text.strlen   0x0000000000040394       0x98 c:/intelfpga_lite/20.1/nios2eds/bin/gnu/h-x86_64-mingw32/bin/../lib/gcc/nios2-elf/10.1.1/../../../../../H-x86_64-mingw32/nios2-elf/lib\libc.a(lib_a-strlen.o)
                0x0000000000040394                strlen
 .text          0x000000000004042c        0x0 c:/intelfpga_lite/20.1/nios2eds/bin/gnu/h-x86_64-mingw32/bin/../lib/gcc/nios2-elf/10.1.1/../../../../../H-x86_64-mingw32/nios2-elf/lib\libc.a(lib_a-findfp.o)
 .text.__fp_lock
                0x000000000004042c        0x8 c:/intelfpga_lite/20.1/nios2eds/bin/gnu/h-x86_64-mingw32/bin/../lib/gcc/nios2-elf/10.1.1/../../../../../H-x86_64-mingw32/nios2-elf/lib\libc.a(lib_a-findfp.o)
 .text._cleanup_r
                0x0000000000040434        0xc c:/intelfpga_lite/20.1/nios2eds/bin/gnu/h-x86_64-mingw32/bin/../lib/gcc/nios2-elf/10.1.1/../../../../../H-x86_64-mingw32/nios2-elf/lib\libc.a(lib_a-findfp.o)
                0x0000000000040434                _cleanup_r
 .text.__fp_unlock
                0x0000000000040440        0x8 c:/intelfpga_lite/20.1/nios2eds/bin/gnu/h-x86_64-mingw32/bin/../lib/gcc/nios2-elf/10.1.1/../../../../../H-x86_64-mingw32/nios2-elf/lib\libc.a(lib_a-findfp.o)
 .text.__sinit.part.0
                0x0000000000040448      0x168 c:/intelfpga_lite/20.1/nios2eds/bin/gnu/h-x86_64-mingw32/bin/../lib/gcc/nios2-elf/10.1.1/../../../../../H-x86_64-mingw32/nios2-elf/lib\libc.a(lib_a-findfp.o)
 .text.__sfmoreglue
                0x00000000000405b0       0x68 c:/intelfpga_lite/20.1/nios2eds/bin/gnu/h-x86_64-mingw32/bin/../lib/gcc/nios2-elf/10.1.1/../../../../../H-x86_64-mingw32/nios2-elf/lib\libc.a(lib_a-findfp.o)
                0x00000000000405b0                __sfmoreglue
 .text.__sfp    0x0000000000040618      0x154 c:/intelfpga_lite/20.1/nios2eds/bin/gnu/h-x86_64-mingw32/bin/../lib/gcc/nios2-elf/10.1.1/../../../../../H-x86_64-mingw32/nios2-elf/lib\libc.a(lib_a-findfp.o)
                0x0000000000040618                __sfp
 .text._cleanup
                0x000000000004076c       0x14 c:/intelfpga_lite/20.1/nios2eds/bin/gnu/h-x86_64-mingw32/bin/../lib/gcc/nios2-elf/10.1.1/../../../../../H-x86_64-mingw32/nios2-elf/lib\libc.a(lib_a-findfp.o)
                0x000000000004076c                _cleanup
 .text.__sinit  0x0000000000040780       0x10 c:/intelfpga_lite/20.1/nios2eds/bin/gnu/h-x86_64-mingw32/bin/../lib/gcc/nios2-elf/10.1.1/../../../../../H-x86_64-mingw32/nios2-elf/lib\libc.a(lib_a-findfp.o)
                0x0000000000040780                __sinit
 .text.__sfp_lock_acquire
                0x0000000000040790        0x4 c:/intelfpga_lite/20.1/nios2eds/bin/gnu/h-x86_64-mingw32/bin/../lib/gcc/nios2-elf/10.1.1/../../../../../H-x86_64-mingw32/nios2-elf/lib\libc.a(lib_a-findfp.o)
                0x0000000000040790                __sfp_lock_acquire
 .text.__sfp_lock_release
                0x0000000000040794        0x4 c:/intelfpga_lite/20.1/nios2eds/bin/gnu/h-x86_64-mingw32/bin/../lib/gcc/nios2-elf/10.1.1/../../../../../H-x86_64-mingw32/nios2-elf/lib\libc.a(lib_a-findfp.o)
                0x0000000000040794                __sfp_lock_release
 .text.__sinit_lock_acquire
                0x0000000000040798        0x4 c:/intelfpga_lite/20.1/nios2eds/bin/gnu/h-x86_64-mingw32/bin/../lib/gcc/nios2-elf/10.1.1/../../../../../H-x86_64-mingw32/nios2-elf/lib\libc.a(lib_a-findfp.o)
                0x0000000000040798                __sinit_lock_acquire
 .text.__sinit_lock_release
                0x000000000004079c        0x4 c:/intelfpga_lite/20.1/nios2eds/bin/gnu/h-x86_64-mingw32/bin/../lib/gcc/nios2-elf/10.1.1/../../../../../H-x86_64-mingw32/nios2-elf/lib\libc.a(lib_a-findfp.o)
                0x000000000004079c                __sinit_lock_release
 .text.__fp_lock_all
                0x00000000000407a0       0x14 c:/intelfpga_lite/20.1/nios2eds/bin/gnu/h-x86_64-mingw32/bin/../lib/gcc/nios2-elf/10.1.1/../../../../../H-x86_64-mingw32/nios2-elf/lib\libc.a(lib_a-findfp.o)
                0x00000000000407a0                __fp_lock_all
 .text.__fp_unlock_all
                0x00000000000407b4       0x14 c:/intelfpga_lite/20.1/nios2eds/bin/gnu/h-x86_64-mingw32/bin/../lib/gcc/nios2-elf/10.1.1/../../../../../H-x86_64-mingw32/nios2-elf/lib\libc.a(lib_a-findfp.o)
                0x00000000000407b4                __fp_unlock_all
 .text          0x00000000000407c8        0x0 c:/intelfpga_lite/20.1/nios2eds/bin/gnu/h-x86_64-mingw32/bin/../lib/gcc/nios2-elf/10.1.1/../../../../../H-x86_64-mingw32/nios2-elf/lib\libc.a(lib_a-fvwrite.o)
 .text.__sfvwrite_r
                0x00000000000407c8      0x4b8 c:/intelfpga_lite/20.1/nios2eds/bin/gnu/h-x86_64-mingw32/bin/../lib/gcc/nios2-elf/10.1.1/../../../../../H-x86_64-mingw32/nios2-elf/lib\libc.a(lib_a-fvwrite.o)
                0x00000000000407c8                __sfvwrite_r
 .text          0x0000000000040c80        0x0 c:/intelfpga_lite/20.1/nios2eds/bin/gnu/h-x86_64-mingw32/bin/../lib/gcc/nios2-elf/10.1.1/../../../../../H-x86_64-mingw32/nios2-elf/lib\libc.a(lib_a-fwalk.o)
 .text._fwalk   0x0000000000040c80       0x98 c:/intelfpga_lite/20.1/nios2eds/bin/gnu/h-x86_64-mingw32/bin/../lib/gcc/nios2-elf/10.1.1/../../../../../H-x86_64-mingw32/nios2-elf/lib\libc.a(lib_a-fwalk.o)
                0x0000000000040c80                _fwalk
 .text._fwalk_reent
                0x0000000000040d18       0xa8 c:/intelfpga_lite/20.1/nios2eds/bin/gnu/h-x86_64-mingw32/bin/../lib/gcc/nios2-elf/10.1.1/../../../../../H-x86_64-mingw32/nios2-elf/lib\libc.a(lib_a-fwalk.o)
                0x0000000000040d18                _fwalk_reent
 .text          0x0000000000040dc0        0x0 c:/intelfpga_lite/20.1/nios2eds/bin/gnu/h-x86_64-mingw32/bin/../lib/gcc/nios2-elf/10.1.1/../../../../../H-x86_64-mingw32/nios2-elf/lib\libc.a(lib_a-impure.o)
 .text          0x0000000000040dc0        0x0 c:/intelfpga_lite/20.1/nios2eds/bin/gnu/h-x86_64-mingw32/bin/../lib/gcc/nios2-elf/10.1.1/../../../../../H-x86_64-mingw32/nios2-elf/lib\libc.a(lib_a-mallocr.o)
 .text._malloc_r
                0x0000000000040dc0      0x7e0 c:/intelfpga_lite/20.1/nios2eds/bin/gnu/h-x86_64-mingw32/bin/../lib/gcc/nios2-elf/10.1.1/../../../../../H-x86_64-mingw32/nios2-elf/lib\libc.a(lib_a-mallocr.o)
                0x0000000000040dc0                _malloc_r
 .text          0x00000000000415a0        0x0 c:/intelfpga_lite/20.1/nios2eds/bin/gnu/h-x86_64-mingw32/bin/../lib/gcc/nios2-elf/10.1.1/../../../../../H-x86_64-mingw32/nios2-elf/lib\libc.a(lib_a-memchr.o)
 .text.memchr   0x00000000000415a0       0xd0 c:/intelfpga_lite/20.1/nios2eds/bin/gnu/h-x86_64-mingw32/bin/../lib/gcc/nios2-elf/10.1.1/../../../../../H-x86_64-mingw32/nios2-elf/lib\libc.a(lib_a-memchr.o)
                0x00000000000415a0                memchr
 .text          0x0000000000041670        0x0 c:/intelfpga_lite/20.1/nios2eds/bin/gnu/h-x86_64-mingw32/bin/../lib/gcc/nios2-elf/10.1.1/../../../../../H-x86_64-mingw32/nios2-elf/lib\libc.a(lib_a-memcpy.o)
 .text.memcpy   0x0000000000041670      0x100 c:/intelfpga_lite/20.1/nios2eds/bin/gnu/h-x86_64-mingw32/bin/../lib/gcc/nios2-elf/10.1.1/../../../../../H-x86_64-mingw32/nios2-elf/lib\libc.a(lib_a-memcpy.o)
                0x0000000000041670                memcpy
 .text          0x0000000000041770        0x0 c:/intelfpga_lite/20.1/nios2eds/bin/gnu/h-x86_64-mingw32/bin/../lib/gcc/nios2-elf/10.1.1/../../../../../H-x86_64-mingw32/nios2-elf/lib\libc.a(lib_a-memmove.o)
 .text.memmove  0x0000000000041770      0x12c c:/intelfpga_lite/20.1/nios2eds/bin/gnu/h-x86_64-mingw32/bin/../lib/gcc/nios2-elf/10.1.1/../../../../../H-x86_64-mingw32/nios2-elf/lib\libc.a(lib_a-memmove.o)
                0x0000000000041770                memmove
 .text          0x000000000004189c        0x0 c:/intelfpga_lite/20.1/nios2eds/bin/gnu/h-x86_64-mingw32/bin/../lib/gcc/nios2-elf/10.1.1/../../../../../H-x86_64-mingw32/nios2-elf/lib\libc.a(lib_a-memset.o)
 .text.memset   0x000000000004189c       0xf0 c:/intelfpga_lite/20.1/nios2eds/bin/gnu/h-x86_64-mingw32/bin/../lib/gcc/nios2-elf/10.1.1/../../../../../H-x86_64-mingw32/nios2-elf/lib\libc.a(lib_a-memset.o)
                0x000000000004189c                memset
 .text          0x000000000004198c        0x0 c:/intelfpga_lite/20.1/nios2eds/bin/gnu/h-x86_64-mingw32/bin/../lib/gcc/nios2-elf/10.1.1/../../../../../H-x86_64-mingw32/nios2-elf/lib\libc.a(lib_a-reallocr.o)
 .text._realloc_r
                0x000000000004198c      0x564 c:/intelfpga_lite/20.1/nios2eds/bin/gnu/h-x86_64-mingw32/bin/../lib/gcc/nios2-elf/10.1.1/../../../../../H-x86_64-mingw32/nios2-elf/lib\libc.a(lib_a-reallocr.o)
                0x000000000004198c                _realloc_r
 .text          0x0000000000041ef0        0x0 c:/intelfpga_lite/20.1/nios2eds/bin/gnu/h-x86_64-mingw32/bin/../lib/gcc/nios2-elf/10.1.1/../../../../../H-x86_64-mingw32/nios2-elf/lib\libc.a(lib_a-sbrkr.o)
 .text._sbrk_r  0x0000000000041ef0       0x58 c:/intelfpga_lite/20.1/nios2eds/bin/gnu/h-x86_64-mingw32/bin/../lib/gcc/nios2-elf/10.1.1/../../../../../H-x86_64-mingw32/nios2-elf/lib\libc.a(lib_a-sbrkr.o)
                0x0000000000041ef0                _sbrk_r
 .text          0x0000000000041f48        0x0 c:/intelfpga_lite/20.1/nios2eds/bin/gnu/h-x86_64-mingw32/bin/../lib/gcc/nios2-elf/10.1.1/../../../../../H-x86_64-mingw32/nios2-elf/lib\libc.a(lib_a-stdio.o)
 .text.__sread  0x0000000000041f48       0x54 c:/intelfpga_lite/20.1/nios2eds/bin/gnu/h-x86_64-mingw32/bin/../lib/gcc/nios2-elf/10.1.1/../../../../../H-x86_64-mingw32/nios2-elf/lib\libc.a(lib_a-stdio.o)
                0x0000000000041f48                __sread
 .text.__seofread
                0x0000000000041f9c        0x8 c:/intelfpga_lite/20.1/nios2eds/bin/gnu/h-x86_64-mingw32/bin/../lib/gcc/nios2-elf/10.1.1/../../../../../H-x86_64-mingw32/nios2-elf/lib\libc.a(lib_a-stdio.o)
                0x0000000000041f9c                __seofread
 .text.__swrite
                0x0000000000041fa4       0x80 c:/intelfpga_lite/20.1/nios2eds/bin/gnu/h-x86_64-mingw32/bin/../lib/gcc/nios2-elf/10.1.1/../../../../../H-x86_64-mingw32/nios2-elf/lib\libc.a(lib_a-stdio.o)
                0x0000000000041fa4                __swrite
 .text.__sseek  0x0000000000042024       0x5c c:/intelfpga_lite/20.1/nios2eds/bin/gnu/h-x86_64-mingw32/bin/../lib/gcc/nios2-elf/10.1.1/../../../../../H-x86_64-mingw32/nios2-elf/lib\libc.a(lib_a-stdio.o)
                0x0000000000042024                __sseek
 .text.__sclose
                0x0000000000042080        0x8 c:/intelfpga_lite/20.1/nios2eds/bin/gnu/h-x86_64-mingw32/bin/../lib/gcc/nios2-elf/10.1.1/../../../../../H-x86_64-mingw32/nios2-elf/lib\libc.a(lib_a-stdio.o)
                0x0000000000042080                __sclose
 .text          0x0000000000042088        0x0 c:/intelfpga_lite/20.1/nios2eds/bin/gnu/h-x86_64-mingw32/bin/../lib/gcc/nios2-elf/10.1.1/../../../../../H-x86_64-mingw32/nios2-elf/lib\libc.a(lib_a-writer.o)
 .text._write_r
                0x0000000000042088       0x64 c:/intelfpga_lite/20.1/nios2eds/bin/gnu/h-x86_64-mingw32/bin/../lib/gcc/nios2-elf/10.1.1/../../../../../H-x86_64-mingw32/nios2-elf/lib\libc.a(lib_a-writer.o)
                0x0000000000042088                _write_r
 .text          0x00000000000420ec        0x0 c:/intelfpga_lite/20.1/nios2eds/bin/gnu/h-x86_64-mingw32/bin/../lib/gcc/nios2-elf/10.1.1/../../../../../H-x86_64-mingw32/nios2-elf/lib\libc.a(lib_a-wsetup.o)
 .text.__swsetup_r
                0x00000000000420ec      0x164 c:/intelfpga_lite/20.1/nios2eds/bin/gnu/h-x86_64-mingw32/bin/../lib/gcc/nios2-elf/10.1.1/../../../../../H-x86_64-mingw32/nios2-elf/lib\libc.a(lib_a-wsetup.o)
                0x00000000000420ec                __swsetup_r
 .text          0x0000000000042250        0x0 c:/intelfpga_lite/20.1/nios2eds/bin/gnu/h-x86_64-mingw32/bin/../lib/gcc/nios2-elf/10.1.1/../../../../../H-x86_64-mingw32/nios2-elf/lib\libc.a(closer.o)
 .text._close_r
                0x0000000000042250       0x58 c:/intelfpga_lite/20.1/nios2eds/bin/gnu/h-x86_64-mingw32/bin/../lib/gcc/nios2-elf/10.1.1/../../../../../H-x86_64-mingw32/nios2-elf/lib\libc.a(closer.o)
                0x0000000000042250                _close_r
 .text          0x00000000000422a8        0x0 c:/intelfpga_lite/20.1/nios2eds/bin/gnu/h-x86_64-mingw32/bin/../lib/gcc/nios2-elf/10.1.1/../../../../../H-x86_64-mingw32/nios2-elf/lib\libc.a(lib_a-fclose.o)
 .text._fclose_r.part.0
                0x00000000000422a8       0xc0 c:/intelfpga_lite/20.1/nios2eds/bin/gnu/h-x86_64-mingw32/bin/../lib/gcc/nios2-elf/10.1.1/../../../../../H-x86_64-mingw32/nios2-elf/lib\libc.a(lib_a-fclose.o)
 .text._fclose_r
                0x0000000000042368       0x70 c:/intelfpga_lite/20.1/nios2eds/bin/gnu/h-x86_64-mingw32/bin/../lib/gcc/nios2-elf/10.1.1/../../../../../H-x86_64-mingw32/nios2-elf/lib\libc.a(lib_a-fclose.o)
                0x0000000000042368                _fclose_r
 .text.fclose   0x00000000000423d8       0x70 c:/intelfpga_lite/20.1/nios2eds/bin/gnu/h-x86_64-mingw32/bin/../lib/gcc/nios2-elf/10.1.1/../../../../../H-x86_64-mingw32/nios2-elf/lib\libc.a(lib_a-fclose.o)
                0x00000000000423d8                fclose
 .text          0x0000000000042448        0x0 c:/intelfpga_lite/20.1/nios2eds/bin/gnu/h-x86_64-mingw32/bin/../lib/gcc/nios2-elf/10.1.1/../../../../../H-x86_64-mingw32/nios2-elf/lib\libc.a(lib_a-fflush.o)
 .text.__sflush_r
                0x0000000000042448      0x228 c:/intelfpga_lite/20.1/nios2eds/bin/gnu/h-x86_64-mingw32/bin/../lib/gcc/nios2-elf/10.1.1/../../../../../H-x86_64-mingw32/nios2-elf/lib\libc.a(lib_a-fflush.o)
                0x0000000000042448                __sflush_r
 .text._fflush_r
                0x0000000000042670       0x60 c:/intelfpga_lite/20.1/nios2eds/bin/gnu/h-x86_64-mingw32/bin/../lib/gcc/nios2-elf/10.1.1/../../../../../H-x86_64-mingw32/nios2-elf/lib\libc.a(lib_a-fflush.o)
                0x0000000000042670                _fflush_r
 .text.fflush   0x00000000000426d0       0x84 c:/intelfpga_lite/20.1/nios2eds/bin/gnu/h-x86_64-mingw32/bin/../lib/gcc/nios2-elf/10.1.1/../../../../../H-x86_64-mingw32/nios2-elf/lib\libc.a(lib_a-fflush.o)
                0x00000000000426d0                fflush
 .text          0x0000000000042754        0x0 c:/intelfpga_lite/20.1/nios2eds/bin/gnu/h-x86_64-mingw32/bin/../lib/gcc/nios2-elf/10.1.1/../../../../../H-x86_64-mingw32/nios2-elf/lib\libc.a(lib_a-freer.o)
 .text._malloc_trim_r
                0x0000000000042754      0x11c c:/intelfpga_lite/20.1/nios2eds/bin/gnu/h-x86_64-mingw32/bin/../lib/gcc/nios2-elf/10.1.1/../../../../../H-x86_64-mingw32/nios2-elf/lib\libc.a(lib_a-freer.o)
                0x0000000000042754                _malloc_trim_r
 .text._free_r  0x0000000000042870      0x2fc c:/intelfpga_lite/20.1/nios2eds/bin/gnu/h-x86_64-mingw32/bin/../lib/gcc/nios2-elf/10.1.1/../../../../../H-x86_64-mingw32/nios2-elf/lib\libc.a(lib_a-freer.o)
                0x0000000000042870                _free_r
 .text          0x0000000000042b6c        0x0 c:/intelfpga_lite/20.1/nios2eds/bin/gnu/h-x86_64-mingw32/bin/../lib/gcc/nios2-elf/10.1.1/../../../../../H-x86_64-mingw32/nios2-elf/lib\libc.a(lib_a-int_errno.o)
 .text          0x0000000000042b6c        0x0 c:/intelfpga_lite/20.1/nios2eds/bin/gnu/h-x86_64-mingw32/bin/../lib/gcc/nios2-elf/10.1.1/../../../../../H-x86_64-mingw32/nios2-elf/lib\libc.a(lib_a-lseekr.o)
 .text._lseek_r
                0x0000000000042b6c       0x64 c:/intelfpga_lite/20.1/nios2eds/bin/gnu/h-x86_64-mingw32/bin/../lib/gcc/nios2-elf/10.1.1/../../../../../H-x86_64-mingw32/nios2-elf/lib\libc.a(lib_a-lseekr.o)
                0x0000000000042b6c                _lseek_r
 .text          0x0000000000042bd0        0x0 c:/intelfpga_lite/20.1/nios2eds/bin/gnu/h-x86_64-mingw32/bin/../lib/gcc/nios2-elf/10.1.1/../../../../../H-x86_64-mingw32/nios2-elf/lib\libc.a(lib_a-makebuf.o)
 .text.__smakebuf_r
                0x0000000000042bd0      0x1b0 c:/intelfpga_lite/20.1/nios2eds/bin/gnu/h-x86_64-mingw32/bin/../lib/gcc/nios2-elf/10.1.1/../../../../../H-x86_64-mingw32/nios2-elf/lib\libc.a(lib_a-makebuf.o)
                0x0000000000042bd0                __smakebuf_r
 .text.__swhatbuf_r
                0x0000000000042d80       0x98 c:/intelfpga_lite/20.1/nios2eds/bin/gnu/h-x86_64-mingw32/bin/../lib/gcc/nios2-elf/10.1.1/../../../../../H-x86_64-mingw32/nios2-elf/lib\libc.a(lib_a-makebuf.o)
                0x0000000000042d80                __swhatbuf_r
 .text          0x0000000000042e18        0x0 c:/intelfpga_lite/20.1/nios2eds/bin/gnu/h-x86_64-mingw32/bin/../lib/gcc/nios2-elf/10.1.1/../../../../../H-x86_64-mingw32/nios2-elf/lib\libc.a(lib_a-readr.o)
 .text._read_r  0x0000000000042e18       0x64 c:/intelfpga_lite/20.1/nios2eds/bin/gnu/h-x86_64-mingw32/bin/../lib/gcc/nios2-elf/10.1.1/../../../../../H-x86_64-mingw32/nios2-elf/lib\libc.a(lib_a-readr.o)
                0x0000000000042e18                _read_r
 .text          0x0000000000042e7c        0x0 c:/intelfpga_lite/20.1/nios2eds/bin/gnu/h-x86_64-mingw32/bin/../lib/gcc/nios2-elf/10.1.1/../../../../../H-x86_64-mingw32/nios2-elf/lib\libc.a(lib_a-fstatr.o)
 .text._fstat_r
                0x0000000000042e7c       0x60 c:/intelfpga_lite/20.1/nios2eds/bin/gnu/h-x86_64-mingw32/bin/../lib/gcc/nios2-elf/10.1.1/../../../../../H-x86_64-mingw32/nios2-elf/lib\libc.a(lib_a-fstatr.o)
                0x0000000000042e7c                _fstat_r
 .text          0x0000000000042edc        0x0 c:/intelfpga_lite/20.1/nios2eds/bin/gnu/h-x86_64-mingw32/bin/../lib/gcc/nios2-elf/10.1.1/../../../../../H-x86_64-mingw32/nios2-elf/lib\libc.a(lib_a-isattyr.o)
 .text._isatty_r
                0x0000000000042edc       0x58 c:/intelfpga_lite/20.1/nios2eds/bin/gnu/h-x86_64-mingw32/bin/../lib/gcc/nios2-elf/10.1.1/../../../../../H-x86_64-mingw32/nios2-elf/lib\libc.a(lib_a-isattyr.o)
                0x0000000000042edc                _isatty_r
 .text          0x0000000000042f34      0x1b4 c:/intelfpga_lite/20.1/nios2eds/bin/gnu/h-x86_64-mingw32/bin/../lib/gcc/nios2-elf/10.1.1\libgcc.a(lib2-divmod.o)
                0x0000000000042f34                __divsi3
                0x0000000000042fb4                __modsi3
                0x0000000000043028                __udivsi3
                0x000000000004308c                __umodsi3
 .text          0x00000000000430e8      0x10c c:/Users/Johannes/source/repos/AudioVisualizer/software/SampleProject_bsp/\libhal_bsp.a(alt_close.o)
                0x0000000000043124                close
 .text          0x00000000000431f4       0x2c c:/Users/Johannes/source/repos/AudioVisualizer/software/SampleProject_bsp/\libhal_bsp.a(alt_dev.o)
 .text          0x0000000000043220        0x0 c:/Users/Johannes/source/repos/AudioVisualizer/software/SampleProject_bsp/\libhal_bsp.a(alt_errno.o)
 .text          0x0000000000043220       0xec c:/Users/Johannes/source/repos/AudioVisualizer/software/SampleProject_bsp/\libhal_bsp.a(alt_fstat.o)
                0x000000000004325c                fstat
 .text          0x000000000004330c       0xe0 c:/Users/Johannes/source/repos/AudioVisualizer/software/SampleProject_bsp/\libhal_bsp.a(alt_isatty.o)
                0x0000000000043348                isatty
 .text          0x00000000000433ec       0xec c:/Users/Johannes/source/repos/AudioVisualizer/software/SampleProject_bsp/\libhal_bsp.a(alt_load.o)
                0x0000000000043454                alt_load
 .text          0x00000000000434d8      0x110 c:/Users/Johannes/source/repos/AudioVisualizer/software/SampleProject_bsp/\libhal_bsp.a(alt_lseek.o)
                0x0000000000043514                lseek
 .text          0x00000000000435e8       0x7c c:/Users/Johannes/source/repos/AudioVisualizer/software/SampleProject_bsp/\libhal_bsp.a(alt_main.o)
                0x00000000000435e8                alt_main
 .text          0x0000000000043664       0x48 c:/Users/Johannes/source/repos/AudioVisualizer/software/SampleProject_bsp/\libhal_bsp.a(alt_malloc_lock.o)
                0x0000000000043664                __malloc_lock
                0x0000000000043688                __malloc_unlock
 .text          0x00000000000436ac      0x138 c:/Users/Johannes/source/repos/AudioVisualizer/software/SampleProject_bsp/\libhal_bsp.a(alt_read.o)
                0x00000000000436e8                read
 .text          0x00000000000437e4       0x58 c:/Users/Johannes/source/repos/AudioVisualizer/software/SampleProject_bsp/\libhal_bsp.a(alt_release_fd.o)
                0x00000000000437e4                alt_release_fd
 .text          0x000000000004383c       0xb8 c:/Users/Johannes/source/repos/AudioVisualizer/software/SampleProject_bsp/\libhal_bsp.a(alt_sbrk.o)
                0x000000000004383c                sbrk
 .text          0x00000000000438f4      0x134 c:/Users/Johannes/source/repos/AudioVisualizer/software/SampleProject_bsp/\libhal_bsp.a(alt_write.o)
                0x0000000000043930                write
 .text          0x0000000000043a28       0xb8 c:/Users/Johannes/source/repos/AudioVisualizer/software/SampleProject_bsp/\libhal_bsp.a(alt_sys_init.o)
                0x0000000000043a5c                alt_irq_init
                0x0000000000043a98                alt_sys_init
 .text          0x0000000000043ae0      0x164 c:/Users/Johannes/source/repos/AudioVisualizer/software/SampleProject_bsp/\libhal_bsp.a(altera_avalon_jtag_uart_fd.o)
                0x0000000000043ae0                altera_avalon_jtag_uart_read_fd
                0x0000000000043b40                altera_avalon_jtag_uart_write_fd
                0x0000000000043ba0                altera_avalon_jtag_uart_close_fd
                0x0000000000043bf0                altera_avalon_jtag_uart_ioctl_fd
 .text          0x0000000000043c44      0x3d4 c:/Users/Johannes/source/repos/AudioVisualizer/software/SampleProject_bsp/\libhal_bsp.a(altera_avalon_jtag_uart_init.o)
                0x0000000000043c44                altera_avalon_jtag_uart_init
                0x0000000000043fb0                altera_avalon_jtag_uart_close
 .text          0x0000000000044018       0xf4 c:/Users/Johannes/source/repos/AudioVisualizer/software/SampleProject_bsp/\libhal_bsp.a(altera_avalon_jtag_uart_ioctl.o)
                0x0000000000044018                altera_avalon_jtag_uart_ioctl
 .text          0x000000000004410c      0x220 c:/Users/Johannes/source/repos/AudioVisualizer/software/SampleProject_bsp/\libhal_bsp.a(altera_avalon_jtag_uart_read.o)
                0x000000000004410c                altera_avalon_jtag_uart_read
 .text          0x000000000004432c      0x228 c:/Users/Johannes/source/repos/AudioVisualizer/software/SampleProject_bsp/\libhal_bsp.a(altera_avalon_jtag_uart_write.o)
                0x000000000004432c                altera_avalon_jtag_uart_write
 .text          0x0000000000044554      0x134 c:/Users/Johannes/source/repos/AudioVisualizer/software/SampleProject_bsp/\libhal_bsp.a(alt_alarm_start.o)
                0x0000000000044554                alt_alarm_start
 .text          0x0000000000044688       0x4c c:/Users/Johannes/source/repos/AudioVisualizer/software/SampleProject_bsp/\libhal_bsp.a(alt_dcache_flush_all.o)
                0x0000000000044688                alt_dcache_flush_all
 .text          0x00000000000446d4       0xe4 c:/Users/Johannes/source/repos/AudioVisualizer/software/SampleProject_bsp/\libhal_bsp.a(alt_dev_llist_insert.o)
                0x0000000000044710                alt_dev_llist_insert
 .text          0x00000000000447b8       0x64 c:/Users/Johannes/source/repos/AudioVisualizer/software/SampleProject_bsp/\libhal_bsp.a(alt_do_ctors.o)
                0x00000000000447b8                _do_ctors
 .text          0x000000000004481c       0x64 c:/Users/Johannes/source/repos/AudioVisualizer/software/SampleProject_bsp/\libhal_bsp.a(alt_do_dtors.o)
                0x000000000004481c                _do_dtors
 .text          0x0000000000044880       0x34 c:/Users/Johannes/source/repos/AudioVisualizer/software/SampleProject_bsp/\libhal_bsp.a(alt_icache_flush_all.o)
                0x0000000000044880                alt_icache_flush_all
 .text          0x00000000000448b4      0x1b0 c:/Users/Johannes/source/repos/AudioVisualizer/software/SampleProject_bsp/\libhal_bsp.a(alt_iic.o)
                0x00000000000448b4                alt_ic_isr_register
                0x0000000000044904                alt_ic_irq_enable
                0x000000000004498c                alt_ic_irq_disable
                0x0000000000044a18                alt_ic_irq_enabled
 .text          0x0000000000044a64       0xe8 c:/Users/Johannes/source/repos/AudioVisualizer/software/SampleProject_bsp/\libhal_bsp.a(alt_iic_isr_register.o)
                0x0000000000044a64                alt_iic_isr_register
 .text          0x0000000000044b4c      0x12c c:/Users/Johannes/source/repos/AudioVisualizer/software/SampleProject_bsp/\libhal_bsp.a(alt_io_redirect.o)
                0x0000000000044bfc                alt_io_redirect
 .text          0x0000000000044c78        0x0 c:/Users/Johannes/source/repos/AudioVisualizer/software/SampleProject_bsp/\libhal_bsp.a(alt_irq_entry.o)
 .text          0x0000000000044c78        0x0 c:/Users/Johannes/source/repos/AudioVisualizer/software/SampleProject_bsp/\libhal_bsp.a(alt_irq_handler.o)
 .text          0x0000000000044c78        0x0 c:/Users/Johannes/source/repos/AudioVisualizer/software/SampleProject_bsp/\libhal_bsp.a(alt_irq_vars.o)
 .text          0x0000000000044c78      0x248 c:/Users/Johannes/source/repos/AudioVisualizer/software/SampleProject_bsp/\libhal_bsp.a(alt_open.o)
                0x0000000000044d6c                open
 .text          0x0000000000044ec0      0x1ac c:/Users/Johannes/source/repos/AudioVisualizer/software/SampleProject_bsp/\libhal_bsp.a(alt_tick.o)
                0x0000000000044ec0                alt_alarm_stop
                0x0000000000044f64                alt_tick
 .text          0x000000000004506c       0x24 c:/Users/Johannes/source/repos/AudioVisualizer/software/SampleProject_bsp/\libhal_bsp.a(altera_nios2_gen2_irq.o)
                0x000000000004506c                altera_nios2_gen2_irq_init
 .text          0x0000000000045090        0x0 c:/Users/Johannes/source/repos/AudioVisualizer/software/SampleProject_bsp/\libhal_bsp.a(alt_exception_entry.o)
 .text          0x0000000000045090       0x90 c:/Users/Johannes/source/repos/AudioVisualizer/software/SampleProject_bsp/\libhal_bsp.a(alt_find_dev.o)
                0x0000000000045090                alt_find_dev
 .text          0x0000000000045120      0x108 c:/Users/Johannes/source/repos/AudioVisualizer/software/SampleProject_bsp/\libhal_bsp.a(alt_find_file.o)
                0x0000000000045120                alt_find_file
 .text          0x0000000000045228       0xa0 c:/Users/Johannes/source/repos/AudioVisualizer/software/SampleProject_bsp/\libhal_bsp.a(alt_get_fd.o)
                0x0000000000045228                alt_get_fd
 .text          0x00000000000452c8       0x90 c:/Users/Johannes/source/repos/AudioVisualizer/software/SampleProject_bsp/\libhal_bsp.a(alt_icache_flush.o)
                0x00000000000452c8                alt_icache_flush
 .text          0x0000000000045358       0x98 c:/Users/Johannes/source/repos/AudioVisualizer/software/SampleProject_bsp/\libhal_bsp.a(alt_instruction_exception_entry.o)
                0x0000000000045358                alt_exception_cause_generated_bad_addr
 .text          0x00000000000453f0        0x0 c:/intelfpga_lite/20.1/nios2eds/bin/gnu/h-x86_64-mingw32/bin/../lib/gcc/nios2-elf/10.1.1/../../../../../H-x86_64-mingw32/nios2-elf/lib\libc.a(lib_a-atexit.o)
 .text.atexit   0x00000000000453f0       0x14 c:/intelfpga_lite/20.1/nios2eds/bin/gnu/h-x86_64-mingw32/bin/../lib/gcc/nios2-elf/10.1.1/../../../../../H-x86_64-mingw32/nios2-elf/lib\libc.a(lib_a-atexit.o)
                0x00000000000453f0                atexit
 .text          0x0000000000045404        0x0 c:/intelfpga_lite/20.1/nios2eds/bin/gnu/h-x86_64-mingw32/bin/../lib/gcc/nios2-elf/10.1.1/../../../../../H-x86_64-mingw32/nios2-elf/lib\libc.a(lib_a-exit.o)
 .text.exit     0x0000000000045404       0x34 c:/intelfpga_lite/20.1/nios2eds/bin/gnu/h-x86_64-mingw32/bin/../lib/gcc/nios2-elf/10.1.1/../../../../../H-x86_64-mingw32/nios2-elf/lib\libc.a(lib_a-exit.o)
                0x0000000000045404                exit
 .text          0x0000000000045438        0x0 c:/intelfpga_lite/20.1/nios2eds/bin/gnu/h-x86_64-mingw32/bin/../lib/gcc/nios2-elf/10.1.1/../../../../../H-x86_64-mingw32/nios2-elf/lib\libc.a(lib_a-memcmp.o)
 .text.memcmp   0x0000000000045438       0x78 c:/intelfpga_lite/20.1/nios2eds/bin/gnu/h-x86_64-mingw32/bin/../lib/gcc/nios2-elf/10.1.1/../../../../../H-x86_64-mingw32/nios2-elf/lib\libc.a(lib_a-memcmp.o)
                0x0000000000045438                memcmp
 .text          0x00000000000454b0        0x0 c:/intelfpga_lite/20.1/nios2eds/bin/gnu/h-x86_64-mingw32/bin/../lib/gcc/nios2-elf/10.1.1/../../../../../H-x86_64-mingw32/nios2-elf/lib\libc.a(lib_a-__atexit.o)
 .text.__register_exitproc
                0x00000000000454b0       0x90 c:/intelfpga_lite/20.1/nios2eds/bin/gnu/h-x86_64-mingw32/bin/../lib/gcc/nios2-elf/10.1.1/../../../../../H-x86_64-mingw32/nios2-elf/lib\libc.a(lib_a-__atexit.o)
                0x00000000000454b0                __register_exitproc
 .text          0x0000000000045540        0x0 c:/intelfpga_lite/20.1/nios2eds/bin/gnu/h-x86_64-mingw32/bin/../lib/gcc/nios2-elf/10.1.1/../../../../../H-x86_64-mingw32/nios2-elf/lib\libc.a(lib_a-__call_atexit.o)
 .text.__call_exitprocs
                0x0000000000045540      0x120 c:/intelfpga_lite/20.1/nios2eds/bin/gnu/h-x86_64-mingw32/bin/../lib/gcc/nios2-elf/10.1.1/../../../../../H-x86_64-mingw32/nios2-elf/lib\libc.a(lib_a-__call_atexit.o)
                0x0000000000045540                __call_exitprocs
 .text          0x0000000000045660       0x38 c:/Users/Johannes/source/repos/AudioVisualizer/software/SampleProject_bsp/\libhal_bsp.a(alt_exit.o)
                0x0000000000045660                _exit
 *(.gnu.warning.*)
 *(.fini)
                [!provide]                        PROVIDE (__etext = ABSOLUTE (.))
                [!provide]                        PROVIDE (_etext = ABSOLUTE (.))
                [!provide]                        PROVIDE (etext = ABSOLUTE (.))
 *(.eh_frame_hdr)
                0x0000000000045698                . = ALIGN (0x4)
                [!provide]                        PROVIDE (__preinit_array_start = ABSOLUTE (.))
 *(.preinit_array)
                [!provide]                        PROVIDE (__preinit_array_end = ABSOLUTE (.))
                [!provide]                        PROVIDE (__init_array_start = ABSOLUTE (.))
 *(.init_array)
                [!provide]                        PROVIDE (__init_array_end = ABSOLUTE (.))
                [!provide]                        PROVIDE (__fini_array_start = ABSOLUTE (.))
 *(.fini_array)
                [!provide]                        PROVIDE (__fini_array_end = ABSOLUTE (.))
 *(.eh_frame)
 *(.gcc_except_table .gcc_except_table.*)
 *(.dynamic)
                0x0000000000045698                PROVIDE (__CTOR_LIST__ = ABSOLUTE (.))
 *(.ctors)
 *(SORT_BY_NAME(.ctors.*))
                0x0000000000045698                PROVIDE (__CTOR_END__ = ABSOLUTE (.))
                0x0000000000045698                PROVIDE (__DTOR_LIST__ = ABSOLUTE (.))
 *(.dtors)
 *(SORT_BY_NAME(.dtors.*))
                0x0000000000045698                PROVIDE (__DTOR_END__ = ABSOLUTE (.))
 *(.jcr)
                0x0000000000045698                . = ALIGN (0x4)

.rodata         0x0000000000045698       0x38
                0x0000000000045698                PROVIDE (__ram_rodata_start = ABSOLUTE (.))
                0x0000000000045698                . = ALIGN (0x4)
 *(.rodata .rodata.* .gnu.linkonce.r.*)
 .rodata        0x0000000000045698        0x8 obj/default/main.o
 .rodata._puts_r.str1.4
                0x00000000000456a0        0x2 c:/intelfpga_lite/20.1/nios2eds/bin/gnu/h-x86_64-mingw32/bin/../lib/gcc/nios2-elf/10.1.1/../../../../../H-x86_64-mingw32/nios2-elf/lib\libc.a(lib_a-puts.o)
 *fill*         0x00000000000456a2        0x2 
 .rodata        0x00000000000456a4        0xa c:/Users/Johannes/source/repos/AudioVisualizer/software/SampleProject_bsp/\libhal_bsp.a(alt_dev.o)
 *fill*         0x00000000000456ae        0x2 
 .rodata        0x00000000000456b0        0xf c:/Users/Johannes/source/repos/AudioVisualizer/software/SampleProject_bsp/\libhal_bsp.a(alt_main.o)
 *fill*         0x00000000000456bf        0x1 
 .rodata        0x00000000000456c0        0xf c:/Users/Johannes/source/repos/AudioVisualizer/software/SampleProject_bsp/\libhal_bsp.a(alt_sys_init.o)
 *(.rodata1)
                0x00000000000456d0                . = ALIGN (0x4)
 *fill*         0x00000000000456cf        0x1 
                0x00000000000456d0                PROVIDE (__ram_rodata_end = ABSOLUTE (.))
                0x0000000000045698                PROVIDE (__flash_rodata_start = LOADADDR (.rodata))

.rwdata         0x00000000000456d0     0x1a6c load address 0x000000000004713c
                0x00000000000456d0                PROVIDE (__ram_rwdata_start = ABSOLUTE (.))
                0x00000000000456d0                . = ALIGN (0x4)
 *(.got.plt)
 *(.got)
 *(.data1)
 *(.data .data.* .gnu.linkonce.d.*)
 .data          0x00000000000456d0        0x0 c:/Users/Johannes/source/repos/AudioVisualizer/software/SampleProject_bsp//obj/HAL/src/crt0.o
 .data          0x00000000000456d0        0x0 obj/default/main.o
 .data          0x00000000000456d0        0x0 c:/intelfpga_lite/20.1/nios2eds/bin/gnu/h-x86_64-mingw32/bin/../lib/gcc/nios2-elf/10.1.1/../../../../../H-x86_64-mingw32/nios2-elf/lib\libc.a(lib_a-puts.o)
 .data          0x00000000000456d0        0x0 c:/intelfpga_lite/20.1/nios2eds/bin/gnu/h-x86_64-mingw32/bin/../lib/gcc/nios2-elf/10.1.1/../../../../../H-x86_64-mingw32/nios2-elf/lib\libc.a(lib_a-strlen.o)
 .data          0x00000000000456d0        0x0 c:/intelfpga_lite/20.1/nios2eds/bin/gnu/h-x86_64-mingw32/bin/../lib/gcc/nios2-elf/10.1.1/../../../../../H-x86_64-mingw32/nios2-elf/lib\libc.a(lib_a-findfp.o)
 .data          0x00000000000456d0        0x0 c:/intelfpga_lite/20.1/nios2eds/bin/gnu/h-x86_64-mingw32/bin/../lib/gcc/nios2-elf/10.1.1/../../../../../H-x86_64-mingw32/nios2-elf/lib\libc.a(lib_a-fvwrite.o)
 .data          0x00000000000456d0        0x0 c:/intelfpga_lite/20.1/nios2eds/bin/gnu/h-x86_64-mingw32/bin/../lib/gcc/nios2-elf/10.1.1/../../../../../H-x86_64-mingw32/nios2-elf/lib\libc.a(lib_a-fwalk.o)
 .data          0x00000000000456d0        0x0 c:/intelfpga_lite/20.1/nios2eds/bin/gnu/h-x86_64-mingw32/bin/../lib/gcc/nios2-elf/10.1.1/../../../../../H-x86_64-mingw32/nios2-elf/lib\libc.a(lib_a-impure.o)
 .data.impure_data
                0x00000000000456d0      0x424 c:/intelfpga_lite/20.1/nios2eds/bin/gnu/h-x86_64-mingw32/bin/../lib/gcc/nios2-elf/10.1.1/../../../../../H-x86_64-mingw32/nios2-elf/lib\libc.a(lib_a-impure.o)
 .data          0x0000000000045af4        0x0 c:/intelfpga_lite/20.1/nios2eds/bin/gnu/h-x86_64-mingw32/bin/../lib/gcc/nios2-elf/10.1.1/../../../../../H-x86_64-mingw32/nios2-elf/lib\libc.a(lib_a-mallocr.o)
 .data.__malloc_av_
                0x0000000000045af4      0x408 c:/intelfpga_lite/20.1/nios2eds/bin/gnu/h-x86_64-mingw32/bin/../lib/gcc/nios2-elf/10.1.1/../../../../../H-x86_64-mingw32/nios2-elf/lib\libc.a(lib_a-mallocr.o)
                0x0000000000045af4                __malloc_av_
 .data          0x0000000000045efc        0x0 c:/intelfpga_lite/20.1/nios2eds/bin/gnu/h-x86_64-mingw32/bin/../lib/gcc/nios2-elf/10.1.1/../../../../../H-x86_64-mingw32/nios2-elf/lib\libc.a(lib_a-memchr.o)
 .data          0x0000000000045efc        0x0 c:/intelfpga_lite/20.1/nios2eds/bin/gnu/h-x86_64-mingw32/bin/../lib/gcc/nios2-elf/10.1.1/../../../../../H-x86_64-mingw32/nios2-elf/lib\libc.a(lib_a-memcpy.o)
 .data          0x0000000000045efc        0x0 c:/intelfpga_lite/20.1/nios2eds/bin/gnu/h-x86_64-mingw32/bin/../lib/gcc/nios2-elf/10.1.1/../../../../../H-x86_64-mingw32/nios2-elf/lib\libc.a(lib_a-memmove.o)
 .data          0x0000000000045efc        0x0 c:/intelfpga_lite/20.1/nios2eds/bin/gnu/h-x86_64-mingw32/bin/../lib/gcc/nios2-elf/10.1.1/../../../../../H-x86_64-mingw32/nios2-elf/lib\libc.a(lib_a-memset.o)
 .data          0x0000000000045efc        0x0 c:/intelfpga_lite/20.1/nios2eds/bin/gnu/h-x86_64-mingw32/bin/../lib/gcc/nios2-elf/10.1.1/../../../../../H-x86_64-mingw32/nios2-elf/lib\libc.a(lib_a-reallocr.o)
 .data          0x0000000000045efc        0x0 c:/intelfpga_lite/20.1/nios2eds/bin/gnu/h-x86_64-mingw32/bin/../lib/gcc/nios2-elf/10.1.1/../../../../../H-x86_64-mingw32/nios2-elf/lib\libc.a(lib_a-sbrkr.o)
 .data          0x0000000000045efc        0x0 c:/intelfpga_lite/20.1/nios2eds/bin/gnu/h-x86_64-mingw32/bin/../lib/gcc/nios2-elf/10.1.1/../../../../../H-x86_64-mingw32/nios2-elf/lib\libc.a(lib_a-stdio.o)
 .data          0x0000000000045efc        0x0 c:/intelfpga_lite/20.1/nios2eds/bin/gnu/h-x86_64-mingw32/bin/../lib/gcc/nios2-elf/10.1.1/../../../../../H-x86_64-mingw32/nios2-elf/lib\libc.a(lib_a-writer.o)
 .data          0x0000000000045efc        0x0 c:/intelfpga_lite/20.1/nios2eds/bin/gnu/h-x86_64-mingw32/bin/../lib/gcc/nios2-elf/10.1.1/../../../../../H-x86_64-mingw32/nios2-elf/lib\libc.a(lib_a-wsetup.o)
 .data          0x0000000000045efc        0x0 c:/intelfpga_lite/20.1/nios2eds/bin/gnu/h-x86_64-mingw32/bin/../lib/gcc/nios2-elf/10.1.1/../../../../../H-x86_64-mingw32/nios2-elf/lib\libc.a(closer.o)
 .data          0x0000000000045efc        0x0 c:/intelfpga_lite/20.1/nios2eds/bin/gnu/h-x86_64-mingw32/bin/../lib/gcc/nios2-elf/10.1.1/../../../../../H-x86_64-mingw32/nios2-elf/lib\libc.a(lib_a-fclose.o)
 .data          0x0000000000045efc        0x0 c:/intelfpga_lite/20.1/nios2eds/bin/gnu/h-x86_64-mingw32/bin/../lib/gcc/nios2-elf/10.1.1/../../../../../H-x86_64-mingw32/nios2-elf/lib\libc.a(lib_a-fflush.o)
 .data          0x0000000000045efc        0x0 c:/intelfpga_lite/20.1/nios2eds/bin/gnu/h-x86_64-mingw32/bin/../lib/gcc/nios2-elf/10.1.1/../../../../../H-x86_64-mingw32/nios2-elf/lib\libc.a(lib_a-freer.o)
 .data          0x0000000000045efc        0x0 c:/intelfpga_lite/20.1/nios2eds/bin/gnu/h-x86_64-mingw32/bin/../lib/gcc/nios2-elf/10.1.1/../../../../../H-x86_64-mingw32/nios2-elf/lib\libc.a(lib_a-int_errno.o)
 .data          0x0000000000045efc        0x0 c:/intelfpga_lite/20.1/nios2eds/bin/gnu/h-x86_64-mingw32/bin/../lib/gcc/nios2-elf/10.1.1/../../../../../H-x86_64-mingw32/nios2-elf/lib\libc.a(lib_a-lseekr.o)
 .data          0x0000000000045efc        0x0 c:/intelfpga_lite/20.1/nios2eds/bin/gnu/h-x86_64-mingw32/bin/../lib/gcc/nios2-elf/10.1.1/../../../../../H-x86_64-mingw32/nios2-elf/lib\libc.a(lib_a-makebuf.o)
 .data          0x0000000000045efc        0x0 c:/intelfpga_lite/20.1/nios2eds/bin/gnu/h-x86_64-mingw32/bin/../lib/gcc/nios2-elf/10.1.1/../../../../../H-x86_64-mingw32/nios2-elf/lib\libc.a(lib_a-readr.o)
 .data          0x0000000000045efc        0x0 c:/intelfpga_lite/20.1/nios2eds/bin/gnu/h-x86_64-mingw32/bin/../lib/gcc/nios2-elf/10.1.1/../../../../../H-x86_64-mingw32/nios2-elf/lib\libc.a(lib_a-fstatr.o)
 .data          0x0000000000045efc        0x0 c:/intelfpga_lite/20.1/nios2eds/bin/gnu/h-x86_64-mingw32/bin/../lib/gcc/nios2-elf/10.1.1/../../../../../H-x86_64-mingw32/nios2-elf/lib\libc.a(lib_a-isattyr.o)
 .data          0x0000000000045efc        0x0 c:/intelfpga_lite/20.1/nios2eds/bin/gnu/h-x86_64-mingw32/bin/../lib/gcc/nios2-elf/10.1.1\libgcc.a(lib2-divmod.o)
 .data          0x0000000000045efc        0x0 c:/Users/Johannes/source/repos/AudioVisualizer/software/SampleProject_bsp/\libhal_bsp.a(alt_close.o)
 .data          0x0000000000045efc      0x1a8 c:/Users/Johannes/source/repos/AudioVisualizer/software/SampleProject_bsp/\libhal_bsp.a(alt_dev.o)
                0x0000000000045efc                alt_dev_null
                0x0000000000045f24                alt_fd_list
 .data          0x00000000000460a4        0x0 c:/Users/Johannes/source/repos/AudioVisualizer/software/SampleProject_bsp/\libhal_bsp.a(alt_errno.o)
 .data          0x00000000000460a4        0x0 c:/Users/Johannes/source/repos/AudioVisualizer/software/SampleProject_bsp/\libhal_bsp.a(alt_fstat.o)
 .data          0x00000000000460a4        0x0 c:/Users/Johannes/source/repos/AudioVisualizer/software/SampleProject_bsp/\libhal_bsp.a(alt_isatty.o)
 .data          0x00000000000460a4        0x0 c:/Users/Johannes/source/repos/AudioVisualizer/software/SampleProject_bsp/\libhal_bsp.a(alt_load.o)
 .data          0x00000000000460a4        0x0 c:/Users/Johannes/source/repos/AudioVisualizer/software/SampleProject_bsp/\libhal_bsp.a(alt_lseek.o)
 .data          0x00000000000460a4        0x0 c:/Users/Johannes/source/repos/AudioVisualizer/software/SampleProject_bsp/\libhal_bsp.a(alt_main.o)
 .data          0x00000000000460a4        0x0 c:/Users/Johannes/source/repos/AudioVisualizer/software/SampleProject_bsp/\libhal_bsp.a(alt_malloc_lock.o)
 .data          0x00000000000460a4        0x0 c:/Users/Johannes/source/repos/AudioVisualizer/software/SampleProject_bsp/\libhal_bsp.a(alt_read.o)
 .data          0x00000000000460a4        0x0 c:/Users/Johannes/source/repos/AudioVisualizer/software/SampleProject_bsp/\libhal_bsp.a(alt_release_fd.o)
 .data          0x00000000000460a4        0x0 c:/Users/Johannes/source/repos/AudioVisualizer/software/SampleProject_bsp/\libhal_bsp.a(alt_sbrk.o)
 .data          0x00000000000460a4        0x0 c:/Users/Johannes/source/repos/AudioVisualizer/software/SampleProject_bsp/\libhal_bsp.a(alt_write.o)
 .data          0x00000000000460a4     0x1060 c:/Users/Johannes/source/repos/AudioVisualizer/software/SampleProject_bsp/\libhal_bsp.a(alt_sys_init.o)
 .data          0x0000000000047104        0x0 c:/Users/Johannes/source/repos/AudioVisualizer/software/SampleProject_bsp/\libhal_bsp.a(altera_avalon_jtag_uart_fd.o)
 .data          0x0000000000047104        0x0 c:/Users/Johannes/source/repos/AudioVisualizer/software/SampleProject_bsp/\libhal_bsp.a(altera_avalon_jtag_uart_init.o)
 .data          0x0000000000047104        0x0 c:/Users/Johannes/source/repos/AudioVisualizer/software/SampleProject_bsp/\libhal_bsp.a(altera_avalon_jtag_uart_ioctl.o)
 .data          0x0000000000047104        0x0 c:/Users/Johannes/source/repos/AudioVisualizer/software/SampleProject_bsp/\libhal_bsp.a(altera_avalon_jtag_uart_read.o)
 .data          0x0000000000047104        0x0 c:/Users/Johannes/source/repos/AudioVisualizer/software/SampleProject_bsp/\libhal_bsp.a(altera_avalon_jtag_uart_write.o)
 .data          0x0000000000047104        0x0 c:/Users/Johannes/source/repos/AudioVisualizer/software/SampleProject_bsp/\libhal_bsp.a(alt_alarm_start.o)
 .data          0x0000000000047104        0x0 c:/Users/Johannes/source/repos/AudioVisualizer/software/SampleProject_bsp/\libhal_bsp.a(alt_dcache_flush_all.o)
 .data          0x0000000000047104        0x0 c:/Users/Johannes/source/repos/AudioVisualizer/software/SampleProject_bsp/\libhal_bsp.a(alt_dev_llist_insert.o)
 .data          0x0000000000047104        0x0 c:/Users/Johannes/source/repos/AudioVisualizer/software/SampleProject_bsp/\libhal_bsp.a(alt_do_ctors.o)
 .data          0x0000000000047104        0x0 c:/Users/Johannes/source/repos/AudioVisualizer/software/SampleProject_bsp/\libhal_bsp.a(alt_do_dtors.o)
 .data          0x0000000000047104        0x0 c:/Users/Johannes/source/repos/AudioVisualizer/software/SampleProject_bsp/\libhal_bsp.a(alt_icache_flush_all.o)
 .data          0x0000000000047104        0x0 c:/Users/Johannes/source/repos/AudioVisualizer/software/SampleProject_bsp/\libhal_bsp.a(alt_iic.o)
 .data          0x0000000000047104        0x0 c:/Users/Johannes/source/repos/AudioVisualizer/software/SampleProject_bsp/\libhal_bsp.a(alt_iic_isr_register.o)
 .data          0x0000000000047104        0x0 c:/Users/Johannes/source/repos/AudioVisualizer/software/SampleProject_bsp/\libhal_bsp.a(alt_io_redirect.o)
 .data          0x0000000000047104        0x0 c:/Users/Johannes/source/repos/AudioVisualizer/software/SampleProject_bsp/\libhal_bsp.a(alt_irq_entry.o)
 .data          0x0000000000047104        0x0 c:/Users/Johannes/source/repos/AudioVisualizer/software/SampleProject_bsp/\libhal_bsp.a(alt_irq_handler.o)
 .data          0x0000000000047104        0x0 c:/Users/Johannes/source/repos/AudioVisualizer/software/SampleProject_bsp/\libhal_bsp.a(alt_irq_vars.o)
 .data          0x0000000000047104        0x0 c:/Users/Johannes/source/repos/AudioVisualizer/software/SampleProject_bsp/\libhal_bsp.a(alt_open.o)
 .data          0x0000000000047104        0x0 c:/Users/Johannes/source/repos/AudioVisualizer/software/SampleProject_bsp/\libhal_bsp.a(alt_tick.o)
 .data          0x0000000000047104        0x0 c:/Users/Johannes/source/repos/AudioVisualizer/software/SampleProject_bsp/\libhal_bsp.a(altera_nios2_gen2_irq.o)
 .data          0x0000000000047104        0x0 c:/Users/Johannes/source/repos/AudioVisualizer/software/SampleProject_bsp/\libhal_bsp.a(alt_exception_entry.o)
 .data          0x0000000000047104        0x0 c:/Users/Johannes/source/repos/AudioVisualizer/software/SampleProject_bsp/\libhal_bsp.a(alt_find_dev.o)
 .data          0x0000000000047104        0x0 c:/Users/Johannes/source/repos/AudioVisualizer/software/SampleProject_bsp/\libhal_bsp.a(alt_find_file.o)
 .data          0x0000000000047104        0x0 c:/Users/Johannes/source/repos/AudioVisualizer/software/SampleProject_bsp/\libhal_bsp.a(alt_get_fd.o)
 .data          0x0000000000047104        0x0 c:/Users/Johannes/source/repos/AudioVisualizer/software/SampleProject_bsp/\libhal_bsp.a(alt_icache_flush.o)
 .data          0x0000000000047104        0x0 c:/Users/Johannes/source/repos/AudioVisualizer/software/SampleProject_bsp/\libhal_bsp.a(alt_instruction_exception_entry.o)
 .data          0x0000000000047104        0x0 c:/intelfpga_lite/20.1/nios2eds/bin/gnu/h-x86_64-mingw32/bin/../lib/gcc/nios2-elf/10.1.1/../../../../../H-x86_64-mingw32/nios2-elf/lib\libc.a(lib_a-atexit.o)
 .data          0x0000000000047104        0x0 c:/intelfpga_lite/20.1/nios2eds/bin/gnu/h-x86_64-mingw32/bin/../lib/gcc/nios2-elf/10.1.1/../../../../../H-x86_64-mingw32/nios2-elf/lib\libc.a(lib_a-exit.o)
 .data          0x0000000000047104        0x0 c:/intelfpga_lite/20.1/nios2eds/bin/gnu/h-x86_64-mingw32/bin/../lib/gcc/nios2-elf/10.1.1/../../../../../H-x86_64-mingw32/nios2-elf/lib\libc.a(lib_a-memcmp.o)
 .data          0x0000000000047104        0x0 c:/intelfpga_lite/20.1/nios2eds/bin/gnu/h-x86_64-mingw32/bin/../lib/gcc/nios2-elf/10.1.1/../../../../../H-x86_64-mingw32/nios2-elf/lib\libc.a(lib_a-__atexit.o)
 .data          0x0000000000047104        0x0 c:/intelfpga_lite/20.1/nios2eds/bin/gnu/h-x86_64-mingw32/bin/../lib/gcc/nios2-elf/10.1.1/../../../../../H-x86_64-mingw32/nios2-elf/lib\libc.a(lib_a-__call_atexit.o)
 .data          0x0000000000047104        0x0 c:/Users/Johannes/source/repos/AudioVisualizer/software/SampleProject_bsp/\libhal_bsp.a(alt_exit.o)
                0x000000000004f104                _gp = ABSOLUTE ((. + 0x8000))
                [!provide]                        PROVIDE (gp = _gp)
 *(.rwdata .rwdata.*)
 *(.sdata .sdata.* .gnu.linkonce.s.*)
 .sdata._global_impure_ptr
                0x0000000000047104        0x4 c:/intelfpga_lite/20.1/nios2eds/bin/gnu/h-x86_64-mingw32/bin/../lib/gcc/nios2-elf/10.1.1/../../../../../H-x86_64-mingw32/nios2-elf/lib\libc.a(lib_a-impure.o)
                0x0000000000047104                _global_impure_ptr
 .sdata._impure_ptr
                0x0000000000047108        0x4 c:/intelfpga_lite/20.1/nios2eds/bin/gnu/h-x86_64-mingw32/bin/../lib/gcc/nios2-elf/10.1.1/../../../../../H-x86_64-mingw32/nios2-elf/lib\libc.a(lib_a-impure.o)
                0x0000000000047108                _impure_ptr
 .sdata.__malloc_sbrk_base
                0x000000000004710c        0x4 c:/intelfpga_lite/20.1/nios2eds/bin/gnu/h-x86_64-mingw32/bin/../lib/gcc/nios2-elf/10.1.1/../../../../../H-x86_64-mingw32/nios2-elf/lib\libc.a(lib_a-mallocr.o)
                0x000000000004710c                __malloc_sbrk_base
 .sdata.__malloc_trim_threshold
                0x0000000000047110        0x4 c:/intelfpga_lite/20.1/nios2eds/bin/gnu/h-x86_64-mingw32/bin/../lib/gcc/nios2-elf/10.1.1/../../../../../H-x86_64-mingw32/nios2-elf/lib\libc.a(lib_a-mallocr.o)
                0x0000000000047110                __malloc_trim_threshold
 .sdata         0x0000000000047114       0x14 c:/Users/Johannes/source/repos/AudioVisualizer/software/SampleProject_bsp/\libhal_bsp.a(alt_dev.o)
                0x0000000000047114                alt_fs_list
                0x000000000004711c                alt_dev_list
                0x0000000000047124                alt_max_fd
 .sdata         0x0000000000047128        0x4 c:/Users/Johannes/source/repos/AudioVisualizer/software/SampleProject_bsp/\libhal_bsp.a(alt_errno.o)
                0x0000000000047128                alt_errno
 .sdata         0x000000000004712c        0x4 c:/Users/Johannes/source/repos/AudioVisualizer/software/SampleProject_bsp/\libhal_bsp.a(alt_sbrk.o)
 .sdata         0x0000000000047130        0x4 c:/Users/Johannes/source/repos/AudioVisualizer/software/SampleProject_bsp/\libhal_bsp.a(alt_irq_vars.o)
                0x0000000000047130                alt_priority_mask
 .sdata         0x0000000000047134        0x8 c:/Users/Johannes/source/repos/AudioVisualizer/software/SampleProject_bsp/\libhal_bsp.a(alt_tick.o)
                0x0000000000047134                alt_alarm_list
 *(.sdata2 .sdata2.* .gnu.linkonce.s2.*)
                0x000000000004713c                . = ALIGN (0x4)
                0x000000000004713c                _edata = ABSOLUTE (.)
                [!provide]                        PROVIDE (edata = ABSOLUTE (.))
                0x000000000004713c                PROVIDE (__ram_rwdata_end = ABSOLUTE (.))
                0x000000000004713c                PROVIDE (__flash_rwdata_start = LOADADDR (.rwdata))

.bss            0x0000000000048ba8      0x154
                0x0000000000048ba8                __bss_start = ABSOLUTE (.)
                [!provide]                        PROVIDE (__sbss_start = ABSOLUTE (.))
                [!provide]                        PROVIDE (___sbss_start = ABSOLUTE (.))
 *(.dynsbss)
 *(.sbss .sbss.* .gnu.linkonce.sb.*)
 .sbss.__malloc_max_total_mem
                0x0000000000048ba8        0x4 c:/intelfpga_lite/20.1/nios2eds/bin/gnu/h-x86_64-mingw32/bin/../lib/gcc/nios2-elf/10.1.1/../../../../../H-x86_64-mingw32/nios2-elf/lib\libc.a(lib_a-mallocr.o)
                0x0000000000048ba8                __malloc_max_total_mem
 .sbss.__malloc_max_sbrked_mem
                0x0000000000048bac        0x4 c:/intelfpga_lite/20.1/nios2eds/bin/gnu/h-x86_64-mingw32/bin/../lib/gcc/nios2-elf/10.1.1/../../../../../H-x86_64-mingw32/nios2-elf/lib\libc.a(lib_a-mallocr.o)
                0x0000000000048bac                __malloc_max_sbrked_mem
 .sbss.__malloc_top_pad
                0x0000000000048bb0        0x4 c:/intelfpga_lite/20.1/nios2eds/bin/gnu/h-x86_64-mingw32/bin/../lib/gcc/nios2-elf/10.1.1/../../../../../H-x86_64-mingw32/nios2-elf/lib\libc.a(lib_a-mallocr.o)
                0x0000000000048bb0                __malloc_top_pad
 .sbss.errno    0x0000000000048bb4        0x4 c:/intelfpga_lite/20.1/nios2eds/bin/gnu/h-x86_64-mingw32/bin/../lib/gcc/nios2-elf/10.1.1/../../../../../H-x86_64-mingw32/nios2-elf/lib\libc.a(lib_a-int_errno.o)
                0x0000000000048bb4                errno
 .sbss          0x0000000000048bb8        0xc c:/Users/Johannes/source/repos/AudioVisualizer/software/SampleProject_bsp/\libhal_bsp.a(alt_main.o)
                0x0000000000048bb8                alt_argc
                0x0000000000048bbc                alt_argv
                0x0000000000048bc0                alt_envp
 .sbss          0x0000000000048bc4        0x4 c:/Users/Johannes/source/repos/AudioVisualizer/software/SampleProject_bsp/\libhal_bsp.a(alt_irq_vars.o)
                0x0000000000048bc4                alt_irq_active
 .sbss          0x0000000000048bc8        0x8 c:/Users/Johannes/source/repos/AudioVisualizer/software/SampleProject_bsp/\libhal_bsp.a(alt_tick.o)
                0x0000000000048bc8                _alt_tick_rate
                0x0000000000048bcc                _alt_nticks
 .sbss          0x0000000000048bd0        0x4 c:/Users/Johannes/source/repos/AudioVisualizer/software/SampleProject_bsp/\libhal_bsp.a(alt_instruction_exception_entry.o)
                0x0000000000048bd0                alt_instruction_exception_handler
 *(.sbss2 .sbss2.* .gnu.linkonce.sb2.*)
 *(.scommon)
                [!provide]                        PROVIDE (__sbss_end = ABSOLUTE (.))
                [!provide]                        PROVIDE (___sbss_end = ABSOLUTE (.))
 *(.dynbss)
 *(.bss .bss.* .gnu.linkonce.b.*)
 .bss           0x0000000000048bd4        0x0 c:/Users/Johannes/source/repos/AudioVisualizer/software/SampleProject_bsp//obj/HAL/src/crt0.o
 .bss           0x0000000000048bd4        0x0 obj/default/main.o
 .bss           0x0000000000048bd4        0x0 c:/intelfpga_lite/20.1/nios2eds/bin/gnu/h-x86_64-mingw32/bin/../lib/gcc/nios2-elf/10.1.1/../../../../../H-x86_64-mingw32/nios2-elf/lib\libc.a(lib_a-puts.o)
 .bss           0x0000000000048bd4        0x0 c:/intelfpga_lite/20.1/nios2eds/bin/gnu/h-x86_64-mingw32/bin/../lib/gcc/nios2-elf/10.1.1/../../../../../H-x86_64-mingw32/nios2-elf/lib\libc.a(lib_a-strlen.o)
 .bss           0x0000000000048bd4        0x0 c:/intelfpga_lite/20.1/nios2eds/bin/gnu/h-x86_64-mingw32/bin/../lib/gcc/nios2-elf/10.1.1/../../../../../H-x86_64-mingw32/nios2-elf/lib\libc.a(lib_a-findfp.o)
 .bss           0x0000000000048bd4        0x0 c:/intelfpga_lite/20.1/nios2eds/bin/gnu/h-x86_64-mingw32/bin/../lib/gcc/nios2-elf/10.1.1/../../../../../H-x86_64-mingw32/nios2-elf/lib\libc.a(lib_a-fvwrite.o)
 .bss           0x0000000000048bd4        0x0 c:/intelfpga_lite/20.1/nios2eds/bin/gnu/h-x86_64-mingw32/bin/../lib/gcc/nios2-elf/10.1.1/../../../../../H-x86_64-mingw32/nios2-elf/lib\libc.a(lib_a-fwalk.o)
 .bss           0x0000000000048bd4        0x0 c:/intelfpga_lite/20.1/nios2eds/bin/gnu/h-x86_64-mingw32/bin/../lib/gcc/nios2-elf/10.1.1/../../../../../H-x86_64-mingw32/nios2-elf/lib\libc.a(lib_a-impure.o)
 .bss           0x0000000000048bd4        0x0 c:/intelfpga_lite/20.1/nios2eds/bin/gnu/h-x86_64-mingw32/bin/../lib/gcc/nios2-elf/10.1.1/../../../../../H-x86_64-mingw32/nios2-elf/lib\libc.a(lib_a-mallocr.o)
 .bss.__malloc_current_mallinfo
                0x0000000000048bd4       0x28 c:/intelfpga_lite/20.1/nios2eds/bin/gnu/h-x86_64-mingw32/bin/../lib/gcc/nios2-elf/10.1.1/../../../../../H-x86_64-mingw32/nios2-elf/lib\libc.a(lib_a-mallocr.o)
                0x0000000000048bd4                __malloc_current_mallinfo
 .bss           0x0000000000048bfc        0x0 c:/intelfpga_lite/20.1/nios2eds/bin/gnu/h-x86_64-mingw32/bin/../lib/gcc/nios2-elf/10.1.1/../../../../../H-x86_64-mingw32/nios2-elf/lib\libc.a(lib_a-memchr.o)
 .bss           0x0000000000048bfc        0x0 c:/intelfpga_lite/20.1/nios2eds/bin/gnu/h-x86_64-mingw32/bin/../lib/gcc/nios2-elf/10.1.1/../../../../../H-x86_64-mingw32/nios2-elf/lib\libc.a(lib_a-memcpy.o)
 .bss           0x0000000000048bfc        0x0 c:/intelfpga_lite/20.1/nios2eds/bin/gnu/h-x86_64-mingw32/bin/../lib/gcc/nios2-elf/10.1.1/../../../../../H-x86_64-mingw32/nios2-elf/lib\libc.a(lib_a-memmove.o)
 .bss           0x0000000000048bfc        0x0 c:/intelfpga_lite/20.1/nios2eds/bin/gnu/h-x86_64-mingw32/bin/../lib/gcc/nios2-elf/10.1.1/../../../../../H-x86_64-mingw32/nios2-elf/lib\libc.a(lib_a-memset.o)
 .bss           0x0000000000048bfc        0x0 c:/intelfpga_lite/20.1/nios2eds/bin/gnu/h-x86_64-mingw32/bin/../lib/gcc/nios2-elf/10.1.1/../../../../../H-x86_64-mingw32/nios2-elf/lib\libc.a(lib_a-reallocr.o)
 .bss           0x0000000000048bfc        0x0 c:/intelfpga_lite/20.1/nios2eds/bin/gnu/h-x86_64-mingw32/bin/../lib/gcc/nios2-elf/10.1.1/../../../../../H-x86_64-mingw32/nios2-elf/lib\libc.a(lib_a-sbrkr.o)
 .bss           0x0000000000048bfc        0x0 c:/intelfpga_lite/20.1/nios2eds/bin/gnu/h-x86_64-mingw32/bin/../lib/gcc/nios2-elf/10.1.1/../../../../../H-x86_64-mingw32/nios2-elf/lib\libc.a(lib_a-stdio.o)
 .bss           0x0000000000048bfc        0x0 c:/intelfpga_lite/20.1/nios2eds/bin/gnu/h-x86_64-mingw32/bin/../lib/gcc/nios2-elf/10.1.1/../../../../../H-x86_64-mingw32/nios2-elf/lib\libc.a(lib_a-writer.o)
 .bss           0x0000000000048bfc        0x0 c:/intelfpga_lite/20.1/nios2eds/bin/gnu/h-x86_64-mingw32/bin/../lib/gcc/nios2-elf/10.1.1/../../../../../H-x86_64-mingw32/nios2-elf/lib\libc.a(lib_a-wsetup.o)
 .bss           0x0000000000048bfc        0x0 c:/intelfpga_lite/20.1/nios2eds/bin/gnu/h-x86_64-mingw32/bin/../lib/gcc/nios2-elf/10.1.1/../../../../../H-x86_64-mingw32/nios2-elf/lib\libc.a(closer.o)
 .bss           0x0000000000048bfc        0x0 c:/intelfpga_lite/20.1/nios2eds/bin/gnu/h-x86_64-mingw32/bin/../lib/gcc/nios2-elf/10.1.1/../../../../../H-x86_64-mingw32/nios2-elf/lib\libc.a(lib_a-fclose.o)
 .bss           0x0000000000048bfc        0x0 c:/intelfpga_lite/20.1/nios2eds/bin/gnu/h-x86_64-mingw32/bin/../lib/gcc/nios2-elf/10.1.1/../../../../../H-x86_64-mingw32/nios2-elf/lib\libc.a(lib_a-fflush.o)
 .bss           0x0000000000048bfc        0x0 c:/intelfpga_lite/20.1/nios2eds/bin/gnu/h-x86_64-mingw32/bin/../lib/gcc/nios2-elf/10.1.1/../../../../../H-x86_64-mingw32/nios2-elf/lib\libc.a(lib_a-freer.o)
 .bss           0x0000000000048bfc        0x0 c:/intelfpga_lite/20.1/nios2eds/bin/gnu/h-x86_64-mingw32/bin/../lib/gcc/nios2-elf/10.1.1/../../../../../H-x86_64-mingw32/nios2-elf/lib\libc.a(lib_a-int_errno.o)
 .bss           0x0000000000048bfc        0x0 c:/intelfpga_lite/20.1/nios2eds/bin/gnu/h-x86_64-mingw32/bin/../lib/gcc/nios2-elf/10.1.1/../../../../../H-x86_64-mingw32/nios2-elf/lib\libc.a(lib_a-lseekr.o)
 .bss           0x0000000000048bfc        0x0 c:/intelfpga_lite/20.1/nios2eds/bin/gnu/h-x86_64-mingw32/bin/../lib/gcc/nios2-elf/10.1.1/../../../../../H-x86_64-mingw32/nios2-elf/lib\libc.a(lib_a-makebuf.o)
 .bss           0x0000000000048bfc        0x0 c:/intelfpga_lite/20.1/nios2eds/bin/gnu/h-x86_64-mingw32/bin/../lib/gcc/nios2-elf/10.1.1/../../../../../H-x86_64-mingw32/nios2-elf/lib\libc.a(lib_a-readr.o)
 .bss           0x0000000000048bfc        0x0 c:/intelfpga_lite/20.1/nios2eds/bin/gnu/h-x86_64-mingw32/bin/../lib/gcc/nios2-elf/10.1.1/../../../../../H-x86_64-mingw32/nios2-elf/lib\libc.a(lib_a-fstatr.o)
 .bss           0x0000000000048bfc        0x0 c:/intelfpga_lite/20.1/nios2eds/bin/gnu/h-x86_64-mingw32/bin/../lib/gcc/nios2-elf/10.1.1/../../../../../H-x86_64-mingw32/nios2-elf/lib\libc.a(lib_a-isattyr.o)
 .bss           0x0000000000048bfc        0x0 c:/intelfpga_lite/20.1/nios2eds/bin/gnu/h-x86_64-mingw32/bin/../lib/gcc/nios2-elf/10.1.1\libgcc.a(lib2-divmod.o)
 .bss           0x0000000000048bfc        0x0 c:/Users/Johannes/source/repos/AudioVisualizer/software/SampleProject_bsp/\libhal_bsp.a(alt_close.o)
 .bss           0x0000000000048bfc        0x0 c:/Users/Johannes/source/repos/AudioVisualizer/software/SampleProject_bsp/\libhal_bsp.a(alt_dev.o)
 .bss           0x0000000000048bfc        0x0 c:/Users/Johannes/source/repos/AudioVisualizer/software/SampleProject_bsp/\libhal_bsp.a(alt_errno.o)
 .bss           0x0000000000048bfc        0x0 c:/Users/Johannes/source/repos/AudioVisualizer/software/SampleProject_bsp/\libhal_bsp.a(alt_fstat.o)
 .bss           0x0000000000048bfc        0x0 c:/Users/Johannes/source/repos/AudioVisualizer/software/SampleProject_bsp/\libhal_bsp.a(alt_isatty.o)
 .bss           0x0000000000048bfc        0x0 c:/Users/Johannes/source/repos/AudioVisualizer/software/SampleProject_bsp/\libhal_bsp.a(alt_load.o)
 .bss           0x0000000000048bfc        0x0 c:/Users/Johannes/source/repos/AudioVisualizer/software/SampleProject_bsp/\libhal_bsp.a(alt_lseek.o)
 .bss           0x0000000000048bfc        0x0 c:/Users/Johannes/source/repos/AudioVisualizer/software/SampleProject_bsp/\libhal_bsp.a(alt_main.o)
 .bss           0x0000000000048bfc        0x0 c:/Users/Johannes/source/repos/AudioVisualizer/software/SampleProject_bsp/\libhal_bsp.a(alt_malloc_lock.o)
 .bss           0x0000000000048bfc        0x0 c:/Users/Johannes/source/repos/AudioVisualizer/software/SampleProject_bsp/\libhal_bsp.a(alt_read.o)
 .bss           0x0000000000048bfc        0x0 c:/Users/Johannes/source/repos/AudioVisualizer/software/SampleProject_bsp/\libhal_bsp.a(alt_release_fd.o)
 .bss           0x0000000000048bfc        0x0 c:/Users/Johannes/source/repos/AudioVisualizer/software/SampleProject_bsp/\libhal_bsp.a(alt_sbrk.o)
 .bss           0x0000000000048bfc        0x0 c:/Users/Johannes/source/repos/AudioVisualizer/software/SampleProject_bsp/\libhal_bsp.a(alt_write.o)
 .bss           0x0000000000048bfc        0x0 c:/Users/Johannes/source/repos/AudioVisualizer/software/SampleProject_bsp/\libhal_bsp.a(alt_sys_init.o)
 .bss           0x0000000000048bfc        0x0 c:/Users/Johannes/source/repos/AudioVisualizer/software/SampleProject_bsp/\libhal_bsp.a(altera_avalon_jtag_uart_fd.o)
 .bss           0x0000000000048bfc        0x0 c:/Users/Johannes/source/repos/AudioVisualizer/software/SampleProject_bsp/\libhal_bsp.a(altera_avalon_jtag_uart_init.o)
 .bss           0x0000000000048bfc        0x0 c:/Users/Johannes/source/repos/AudioVisualizer/software/SampleProject_bsp/\libhal_bsp.a(altera_avalon_jtag_uart_ioctl.o)
 .bss           0x0000000000048bfc        0x0 c:/Users/Johannes/source/repos/AudioVisualizer/software/SampleProject_bsp/\libhal_bsp.a(altera_avalon_jtag_uart_read.o)
 .bss           0x0000000000048bfc        0x0 c:/Users/Johannes/source/repos/AudioVisualizer/software/SampleProject_bsp/\libhal_bsp.a(altera_avalon_jtag_uart_write.o)
 .bss           0x0000000000048bfc        0x0 c:/Users/Johannes/source/repos/AudioVisualizer/software/SampleProject_bsp/\libhal_bsp.a(alt_alarm_start.o)
 .bss           0x0000000000048bfc        0x0 c:/Users/Johannes/source/repos/AudioVisualizer/software/SampleProject_bsp/\libhal_bsp.a(alt_dcache_flush_all.o)
 .bss           0x0000000000048bfc        0x0 c:/Users/Johannes/source/repos/AudioVisualizer/software/SampleProject_bsp/\libhal_bsp.a(alt_dev_llist_insert.o)
 .bss           0x0000000000048bfc        0x0 c:/Users/Johannes/source/repos/AudioVisualizer/software/SampleProject_bsp/\libhal_bsp.a(alt_do_ctors.o)
 .bss           0x0000000000048bfc        0x0 c:/Users/Johannes/source/repos/AudioVisualizer/software/SampleProject_bsp/\libhal_bsp.a(alt_do_dtors.o)
 .bss           0x0000000000048bfc        0x0 c:/Users/Johannes/source/repos/AudioVisualizer/software/SampleProject_bsp/\libhal_bsp.a(alt_icache_flush_all.o)
 .bss           0x0000000000048bfc        0x0 c:/Users/Johannes/source/repos/AudioVisualizer/software/SampleProject_bsp/\libhal_bsp.a(alt_iic.o)
 .bss           0x0000000000048bfc        0x0 c:/Users/Johannes/source/repos/AudioVisualizer/software/SampleProject_bsp/\libhal_bsp.a(alt_iic_isr_register.o)
 .bss           0x0000000000048bfc        0x0 c:/Users/Johannes/source/repos/AudioVisualizer/software/SampleProject_bsp/\libhal_bsp.a(alt_io_redirect.o)
 .bss           0x0000000000048bfc        0x0 c:/Users/Johannes/source/repos/AudioVisualizer/software/SampleProject_bsp/\libhal_bsp.a(alt_irq_entry.o)
 .bss           0x0000000000048bfc      0x100 c:/Users/Johannes/source/repos/AudioVisualizer/software/SampleProject_bsp/\libhal_bsp.a(alt_irq_handler.o)
                0x0000000000048bfc                alt_irq
 .bss           0x0000000000048cfc        0x0 c:/Users/Johannes/source/repos/AudioVisualizer/software/SampleProject_bsp/\libhal_bsp.a(alt_irq_vars.o)
 .bss           0x0000000000048cfc        0x0 c:/Users/Johannes/source/repos/AudioVisualizer/software/SampleProject_bsp/\libhal_bsp.a(alt_open.o)
 .bss           0x0000000000048cfc        0x0 c:/Users/Johannes/source/repos/AudioVisualizer/software/SampleProject_bsp/\libhal_bsp.a(alt_tick.o)
 .bss           0x0000000000048cfc        0x0 c:/Users/Johannes/source/repos/AudioVisualizer/software/SampleProject_bsp/\libhal_bsp.a(altera_nios2_gen2_irq.o)
 .bss           0x0000000000048cfc        0x0 c:/Users/Johannes/source/repos/AudioVisualizer/software/SampleProject_bsp/\libhal_bsp.a(alt_exception_entry.o)
 .bss           0x0000000000048cfc        0x0 c:/Users/Johannes/source/repos/AudioVisualizer/software/SampleProject_bsp/\libhal_bsp.a(alt_find_dev.o)
 .bss           0x0000000000048cfc        0x0 c:/Users/Johannes/source/repos/AudioVisualizer/software/SampleProject_bsp/\libhal_bsp.a(alt_find_file.o)
 .bss           0x0000000000048cfc        0x0 c:/Users/Johannes/source/repos/AudioVisualizer/software/SampleProject_bsp/\libhal_bsp.a(alt_get_fd.o)
 .bss           0x0000000000048cfc        0x0 c:/Users/Johannes/source/repos/AudioVisualizer/software/SampleProject_bsp/\libhal_bsp.a(alt_icache_flush.o)
 .bss           0x0000000000048cfc        0x0 c:/Users/Johannes/source/repos/AudioVisualizer/software/SampleProject_bsp/\libhal_bsp.a(alt_instruction_exception_entry.o)
 .bss           0x0000000000048cfc        0x0 c:/intelfpga_lite/20.1/nios2eds/bin/gnu/h-x86_64-mingw32/bin/../lib/gcc/nios2-elf/10.1.1/../../../../../H-x86_64-mingw32/nios2-elf/lib\libc.a(lib_a-atexit.o)
 .bss           0x0000000000048cfc        0x0 c:/intelfpga_lite/20.1/nios2eds/bin/gnu/h-x86_64-mingw32/bin/../lib/gcc/nios2-elf/10.1.1/../../../../../H-x86_64-mingw32/nios2-elf/lib\libc.a(lib_a-exit.o)
 .bss           0x0000000000048cfc        0x0 c:/intelfpga_lite/20.1/nios2eds/bin/gnu/h-x86_64-mingw32/bin/../lib/gcc/nios2-elf/10.1.1/../../../../../H-x86_64-mingw32/nios2-elf/lib\libc.a(lib_a-memcmp.o)
 .bss           0x0000000000048cfc        0x0 c:/intelfpga_lite/20.1/nios2eds/bin/gnu/h-x86_64-mingw32/bin/../lib/gcc/nios2-elf/10.1.1/../../../../../H-x86_64-mingw32/nios2-elf/lib\libc.a(lib_a-__atexit.o)
 .bss           0x0000000000048cfc        0x0 c:/intelfpga_lite/20.1/nios2eds/bin/gnu/h-x86_64-mingw32/bin/../lib/gcc/nios2-elf/10.1.1/../../../../../H-x86_64-mingw32/nios2-elf/lib\libc.a(lib_a-__call_atexit.o)
 .bss           0x0000000000048cfc        0x0 c:/Users/Johannes/source/repos/AudioVisualizer/software/SampleProject_bsp/\libhal_bsp.a(alt_exit.o)
 *(COMMON)
                0x0000000000048cfc                . = ALIGN (0x4)
                0x0000000000048cfc                __bss_end = ABSOLUTE (.)

.onchip_memory2
                0x0000000000048cfc        0x0
                [!provide]                        PROVIDE (_alt_partition_onchip_memory2_start = ABSOLUTE (.))
 *(.onchip_memory2 .onchip_memory2. onchip_memory2.*)
                0x0000000000048cfc                . = ALIGN (0x4)
                [!provide]                        PROVIDE (_alt_partition_onchip_memory2_end = ABSOLUTE (.))
                0x0000000000048cfc                _end = ABSOLUTE (.)
                0x0000000000048cfc                end = ABSOLUTE (.)
                0x0000000000048cfc                __alt_stack_base = ABSOLUTE (.)
                [!provide]                        PROVIDE (_alt_partition_onchip_memory2_load_addr = LOADADDR (.onchip_memory2))

.stab
 *(.stab)

.stabstr
 *(.stabstr)

.stab.excl
 *(.stab.excl)

.stab.exclstr
 *(.stab.exclstr)

.stab.index
 *(.stab.index)

.stab.indexstr
 *(.stab.indexstr)

.comment        0x0000000000000000       0x2d
 *(.comment)
 .comment       0x0000000000000000       0x2d obj/default/main.o
                                         0x2e (size before relaxing)
 .comment       0x000000000000002d       0x2e c:/intelfpga_lite/20.1/nios2eds/bin/gnu/h-x86_64-mingw32/bin/../lib/gcc/nios2-elf/10.1.1/../../../../../H-x86_64-mingw32/nios2-elf/lib\libc.a(lib_a-puts.o)
 .comment       0x000000000000002d       0x2e c:/intelfpga_lite/20.1/nios2eds/bin/gnu/h-x86_64-mingw32/bin/../lib/gcc/nios2-elf/10.1.1/../../../../../H-x86_64-mingw32/nios2-elf/lib\libc.a(lib_a-strlen.o)
 .comment       0x000000000000002d       0x2e c:/intelfpga_lite/20.1/nios2eds/bin/gnu/h-x86_64-mingw32/bin/../lib/gcc/nios2-elf/10.1.1/../../../../../H-x86_64-mingw32/nios2-elf/lib\libc.a(lib_a-findfp.o)
 .comment       0x000000000000002d       0x2e c:/intelfpga_lite/20.1/nios2eds/bin/gnu/h-x86_64-mingw32/bin/../lib/gcc/nios2-elf/10.1.1/../../../../../H-x86_64-mingw32/nios2-elf/lib\libc.a(lib_a-fvwrite.o)
 .comment       0x000000000000002d       0x2e c:/intelfpga_lite/20.1/nios2eds/bin/gnu/h-x86_64-mingw32/bin/../lib/gcc/nios2-elf/10.1.1/../../../../../H-x86_64-mingw32/nios2-elf/lib\libc.a(lib_a-fwalk.o)
 .comment       0x000000000000002d       0x2e c:/intelfpga_lite/20.1/nios2eds/bin/gnu/h-x86_64-mingw32/bin/../lib/gcc/nios2-elf/10.1.1/../../../../../H-x86_64-mingw32/nios2-elf/lib\libc.a(lib_a-impure.o)
 .comment       0x000000000000002d       0x2e c:/intelfpga_lite/20.1/nios2eds/bin/gnu/h-x86_64-mingw32/bin/../lib/gcc/nios2-elf/10.1.1/../../../../../H-x86_64-mingw32/nios2-elf/lib\libc.a(lib_a-mallocr.o)
 .comment       0x000000000000002d       0x2e c:/intelfpga_lite/20.1/nios2eds/bin/gnu/h-x86_64-mingw32/bin/../lib/gcc/nios2-elf/10.1.1/../../../../../H-x86_64-mingw32/nios2-elf/lib\libc.a(lib_a-memchr.o)
 .comment       0x000000000000002d       0x2e c:/intelfpga_lite/20.1/nios2eds/bin/gnu/h-x86_64-mingw32/bin/../lib/gcc/nios2-elf/10.1.1/../../../../../H-x86_64-mingw32/nios2-elf/lib\libc.a(lib_a-memcpy.o)
 .comment       0x000000000000002d       0x2e c:/intelfpga_lite/20.1/nios2eds/bin/gnu/h-x86_64-mingw32/bin/../lib/gcc/nios2-elf/10.1.1/../../../../../H-x86_64-mingw32/nios2-elf/lib\libc.a(lib_a-memmove.o)
 .comment       0x000000000000002d       0x2e c:/intelfpga_lite/20.1/nios2eds/bin/gnu/h-x86_64-mingw32/bin/../lib/gcc/nios2-elf/10.1.1/../../../../../H-x86_64-mingw32/nios2-elf/lib\libc.a(lib_a-memset.o)
 .comment       0x000000000000002d       0x2e c:/intelfpga_lite/20.1/nios2eds/bin/gnu/h-x86_64-mingw32/bin/../lib/gcc/nios2-elf/10.1.1/../../../../../H-x86_64-mingw32/nios2-elf/lib\libc.a(lib_a-reallocr.o)
 .comment       0x000000000000002d       0x2e c:/intelfpga_lite/20.1/nios2eds/bin/gnu/h-x86_64-mingw32/bin/../lib/gcc/nios2-elf/10.1.1/../../../../../H-x86_64-mingw32/nios2-elf/lib\libc.a(lib_a-sbrkr.o)
 .comment       0x000000000000002d       0x2e c:/intelfpga_lite/20.1/nios2eds/bin/gnu/h-x86_64-mingw32/bin/../lib/gcc/nios2-elf/10.1.1/../../../../../H-x86_64-mingw32/nios2-elf/lib\libc.a(lib_a-stdio.o)
 .comment       0x000000000000002d       0x2e c:/intelfpga_lite/20.1/nios2eds/bin/gnu/h-x86_64-mingw32/bin/../lib/gcc/nios2-elf/10.1.1/../../../../../H-x86_64-mingw32/nios2-elf/lib\libc.a(lib_a-writer.o)
 .comment       0x000000000000002d       0x2e c:/intelfpga_lite/20.1/nios2eds/bin/gnu/h-x86_64-mingw32/bin/../lib/gcc/nios2-elf/10.1.1/../../../../../H-x86_64-mingw32/nios2-elf/lib\libc.a(lib_a-wsetup.o)
 .comment       0x000000000000002d       0x2e c:/intelfpga_lite/20.1/nios2eds/bin/gnu/h-x86_64-mingw32/bin/../lib/gcc/nios2-elf/10.1.1/../../../../../H-x86_64-mingw32/nios2-elf/lib\libc.a(closer.o)
 .comment       0x000000000000002d       0x2e c:/intelfpga_lite/20.1/nios2eds/bin/gnu/h-x86_64-mingw32/bin/../lib/gcc/nios2-elf/10.1.1/../../../../../H-x86_64-mingw32/nios2-elf/lib\libc.a(lib_a-fclose.o)
 .comment       0x000000000000002d       0x2e c:/intelfpga_lite/20.1/nios2eds/bin/gnu/h-x86_64-mingw32/bin/../lib/gcc/nios2-elf/10.1.1/../../../../../H-x86_64-mingw32/nios2-elf/lib\libc.a(lib_a-fflush.o)
 .comment       0x000000000000002d       0x2e c:/intelfpga_lite/20.1/nios2eds/bin/gnu/h-x86_64-mingw32/bin/../lib/gcc/nios2-elf/10.1.1/../../../../../H-x86_64-mingw32/nios2-elf/lib\libc.a(lib_a-freer.o)
 .comment       0x000000000000002d       0x2e c:/intelfpga_lite/20.1/nios2eds/bin/gnu/h-x86_64-mingw32/bin/../lib/gcc/nios2-elf/10.1.1/../../../../../H-x86_64-mingw32/nios2-elf/lib\libc.a(lib_a-int_errno.o)
 .comment       0x000000000000002d       0x2e c:/intelfpga_lite/20.1/nios2eds/bin/gnu/h-x86_64-mingw32/bin/../lib/gcc/nios2-elf/10.1.1/../../../../../H-x86_64-mingw32/nios2-elf/lib\libc.a(lib_a-lseekr.o)
 .comment       0x000000000000002d       0x2e c:/intelfpga_lite/20.1/nios2eds/bin/gnu/h-x86_64-mingw32/bin/../lib/gcc/nios2-elf/10.1.1/../../../../../H-x86_64-mingw32/nios2-elf/lib\libc.a(lib_a-makebuf.o)
 .comment       0x000000000000002d       0x2e c:/intelfpga_lite/20.1/nios2eds/bin/gnu/h-x86_64-mingw32/bin/../lib/gcc/nios2-elf/10.1.1/../../../../../H-x86_64-mingw32/nios2-elf/lib\libc.a(lib_a-readr.o)
 .comment       0x000000000000002d       0x2e c:/intelfpga_lite/20.1/nios2eds/bin/gnu/h-x86_64-mingw32/bin/../lib/gcc/nios2-elf/10.1.1/../../../../../H-x86_64-mingw32/nios2-elf/lib\libc.a(lib_a-fstatr.o)
 .comment       0x000000000000002d       0x2e c:/intelfpga_lite/20.1/nios2eds/bin/gnu/h-x86_64-mingw32/bin/../lib/gcc/nios2-elf/10.1.1/../../../../../H-x86_64-mingw32/nios2-elf/lib\libc.a(lib_a-isattyr.o)
 .comment       0x000000000000002d       0x2e c:/intelfpga_lite/20.1/nios2eds/bin/gnu/h-x86_64-mingw32/bin/../lib/gcc/nios2-elf/10.1.1\libgcc.a(lib2-divmod.o)
 .comment       0x000000000000002d       0x2e c:/Users/Johannes/source/repos/AudioVisualizer/software/SampleProject_bsp/\libhal_bsp.a(alt_close.o)
 .comment       0x000000000000002d       0x2e c:/Users/Johannes/source/repos/AudioVisualizer/software/SampleProject_bsp/\libhal_bsp.a(alt_dev.o)
 .comment       0x000000000000002d       0x2e c:/Users/Johannes/source/repos/AudioVisualizer/software/SampleProject_bsp/\libhal_bsp.a(alt_errno.o)
 .comment       0x000000000000002d       0x2e c:/Users/Johannes/source/repos/AudioVisualizer/software/SampleProject_bsp/\libhal_bsp.a(alt_fstat.o)
 .comment       0x000000000000002d       0x2e c:/Users/Johannes/source/repos/AudioVisualizer/software/SampleProject_bsp/\libhal_bsp.a(alt_isatty.o)
 .comment       0x000000000000002d       0x2e c:/Users/Johannes/source/repos/AudioVisualizer/software/SampleProject_bsp/\libhal_bsp.a(alt_load.o)
 .comment       0x000000000000002d       0x2e c:/Users/Johannes/source/repos/AudioVisualizer/software/SampleProject_bsp/\libhal_bsp.a(alt_lseek.o)
 .comment       0x000000000000002d       0x2e c:/Users/Johannes/source/repos/AudioVisualizer/software/SampleProject_bsp/\libhal_bsp.a(alt_main.o)
 .comment       0x000000000000002d       0x2e c:/Users/Johannes/source/repos/AudioVisualizer/software/SampleProject_bsp/\libhal_bsp.a(alt_malloc_lock.o)
 .comment       0x000000000000002d       0x2e c:/Users/Johannes/source/repos/AudioVisualizer/software/SampleProject_bsp/\libhal_bsp.a(alt_read.o)
 .comment       0x000000000000002d       0x2e c:/Users/Johannes/source/repos/AudioVisualizer/software/SampleProject_bsp/\libhal_bsp.a(alt_release_fd.o)
 .comment       0x000000000000002d       0x2e c:/Users/Johannes/source/repos/AudioVisualizer/software/SampleProject_bsp/\libhal_bsp.a(alt_sbrk.o)
 .comment       0x000000000000002d       0x2e c:/Users/Johannes/source/repos/AudioVisualizer/software/SampleProject_bsp/\libhal_bsp.a(alt_write.o)
 .comment       0x000000000000002d       0x2e c:/Users/Johannes/source/repos/AudioVisualizer/software/SampleProject_bsp/\libhal_bsp.a(alt_sys_init.o)
 .comment       0x000000000000002d       0x2e c:/Users/Johannes/source/repos/AudioVisualizer/software/SampleProject_bsp/\libhal_bsp.a(altera_avalon_jtag_uart_fd.o)
 .comment       0x000000000000002d       0x2e c:/Users/Johannes/source/repos/AudioVisualizer/software/SampleProject_bsp/\libhal_bsp.a(altera_avalon_jtag_uart_init.o)
 .comment       0x000000000000002d       0x2e c:/Users/Johannes/source/repos/AudioVisualizer/software/SampleProject_bsp/\libhal_bsp.a(altera_avalon_jtag_uart_ioctl.o)
 .comment       0x000000000000002d       0x2e c:/Users/Johannes/source/repos/AudioVisualizer/software/SampleProject_bsp/\libhal_bsp.a(altera_avalon_jtag_uart_read.o)
 .comment       0x000000000000002d       0x2e c:/Users/Johannes/source/repos/AudioVisualizer/software/SampleProject_bsp/\libhal_bsp.a(altera_avalon_jtag_uart_write.o)
 .comment       0x000000000000002d       0x2e c:/Users/Johannes/source/repos/AudioVisualizer/software/SampleProject_bsp/\libhal_bsp.a(alt_alarm_start.o)
 .comment       0x000000000000002d       0x2e c:/Users/Johannes/source/repos/AudioVisualizer/software/SampleProject_bsp/\libhal_bsp.a(alt_dcache_flush_all.o)
 .comment       0x000000000000002d       0x2e c:/Users/Johannes/source/repos/AudioVisualizer/software/SampleProject_bsp/\libhal_bsp.a(alt_dev_llist_insert.o)
 .comment       0x000000000000002d       0x2e c:/Users/Johannes/source/repos/AudioVisualizer/software/SampleProject_bsp/\libhal_bsp.a(alt_do_ctors.o)
 .comment       0x000000000000002d       0x2e c:/Users/Johannes/source/repos/AudioVisualizer/software/SampleProject_bsp/\libhal_bsp.a(alt_do_dtors.o)
 .comment       0x000000000000002d       0x2e c:/Users/Johannes/source/repos/AudioVisualizer/software/SampleProject_bsp/\libhal_bsp.a(alt_icache_flush_all.o)
 .comment       0x000000000000002d       0x2e c:/Users/Johannes/source/repos/AudioVisualizer/software/SampleProject_bsp/\libhal_bsp.a(alt_iic.o)
 .comment       0x000000000000002d       0x2e c:/Users/Johannes/source/repos/AudioVisualizer/software/SampleProject_bsp/\libhal_bsp.a(alt_iic_isr_register.o)
 .comment       0x000000000000002d       0x2e c:/Users/Johannes/source/repos/AudioVisualizer/software/SampleProject_bsp/\libhal_bsp.a(alt_io_redirect.o)
 .comment       0x000000000000002d       0x2e c:/Users/Johannes/source/repos/AudioVisualizer/software/SampleProject_bsp/\libhal_bsp.a(alt_irq_handler.o)
 .comment       0x000000000000002d       0x2e c:/Users/Johannes/source/repos/AudioVisualizer/software/SampleProject_bsp/\libhal_bsp.a(alt_irq_vars.o)
 .comment       0x000000000000002d       0x2e c:/Users/Johannes/source/repos/AudioVisualizer/software/SampleProject_bsp/\libhal_bsp.a(alt_open.o)
 .comment       0x000000000000002d       0x2e c:/Users/Johannes/source/repos/AudioVisualizer/software/SampleProject_bsp/\libhal_bsp.a(alt_tick.o)
 .comment       0x000000000000002d       0x2e c:/Users/Johannes/source/repos/AudioVisualizer/software/SampleProject_bsp/\libhal_bsp.a(altera_nios2_gen2_irq.o)
 .comment       0x000000000000002d       0x2e c:/Users/Johannes/source/repos/AudioVisualizer/software/SampleProject_bsp/\libhal_bsp.a(alt_find_dev.o)
 .comment       0x000000000000002d       0x2e c:/Users/Johannes/source/repos/AudioVisualizer/software/SampleProject_bsp/\libhal_bsp.a(alt_find_file.o)
 .comment       0x000000000000002d       0x2e c:/Users/Johannes/source/repos/AudioVisualizer/software/SampleProject_bsp/\libhal_bsp.a(alt_get_fd.o)
 .comment       0x000000000000002d       0x2e c:/Users/Johannes/source/repos/AudioVisualizer/software/SampleProject_bsp/\libhal_bsp.a(alt_icache_flush.o)
 .comment       0x000000000000002d       0x2e c:/Users/Johannes/source/repos/AudioVisualizer/software/SampleProject_bsp/\libhal_bsp.a(alt_instruction_exception_entry.o)
 .comment       0x000000000000002d       0x2e c:/intelfpga_lite/20.1/nios2eds/bin/gnu/h-x86_64-mingw32/bin/../lib/gcc/nios2-elf/10.1.1/../../../../../H-x86_64-mingw32/nios2-elf/lib\libc.a(lib_a-atexit.o)
 .comment       0x000000000000002d       0x2e c:/intelfpga_lite/20.1/nios2eds/bin/gnu/h-x86_64-mingw32/bin/../lib/gcc/nios2-elf/10.1.1/../../../../../H-x86_64-mingw32/nios2-elf/lib\libc.a(lib_a-exit.o)
 .comment       0x000000000000002d       0x2e c:/intelfpga_lite/20.1/nios2eds/bin/gnu/h-x86_64-mingw32/bin/../lib/gcc/nios2-elf/10.1.1/../../../../../H-x86_64-mingw32/nios2-elf/lib\libc.a(lib_a-memcmp.o)
 .comment       0x000000000000002d       0x2e c:/intelfpga_lite/20.1/nios2eds/bin/gnu/h-x86_64-mingw32/bin/../lib/gcc/nios2-elf/10.1.1/../../../../../H-x86_64-mingw32/nios2-elf/lib\libc.a(lib_a-__atexit.o)
 .comment       0x000000000000002d       0x2e c:/intelfpga_lite/20.1/nios2eds/bin/gnu/h-x86_64-mingw32/bin/../lib/gcc/nios2-elf/10.1.1/../../../../../H-x86_64-mingw32/nios2-elf/lib\libc.a(lib_a-__call_atexit.o)
 .comment       0x000000000000002d       0x2e c:/Users/Johannes/source/repos/AudioVisualizer/software/SampleProject_bsp/\libhal_bsp.a(alt_exit.o)

.debug
 *(.debug)

.line
 *(.line)

.debug_srcinfo
 *(.debug_srcinfo)

.debug_sfnames
 *(.debug_sfnames)

.debug_aranges  0x0000000000000000      0xa20
 *(.debug_aranges)
 .debug_aranges
                0x0000000000000000       0x28 c:/Users/Johannes/source/repos/AudioVisualizer/software/SampleProject_bsp//obj/HAL/src/crt0.o
 .debug_aranges
                0x0000000000000028       0x20 obj/default/main.o
 .debug_aranges
                0x0000000000000048       0x28 c:/intelfpga_lite/20.1/nios2eds/bin/gnu/h-x86_64-mingw32/bin/../lib/gcc/nios2-elf/10.1.1/../../../../../H-x86_64-mingw32/nios2-elf/lib\libc.a(lib_a-puts.o)
 .debug_aranges
                0x0000000000000070       0x20 c:/intelfpga_lite/20.1/nios2eds/bin/gnu/h-x86_64-mingw32/bin/../lib/gcc/nios2-elf/10.1.1/../../../../../H-x86_64-mingw32/nios2-elf/lib\libc.a(lib_a-strlen.o)
 .debug_aranges
                0x0000000000000090       0x68 c:/intelfpga_lite/20.1/nios2eds/bin/gnu/h-x86_64-mingw32/bin/../lib/gcc/nios2-elf/10.1.1/../../../../../H-x86_64-mingw32/nios2-elf/lib\libc.a(lib_a-findfp.o)
 .debug_aranges
                0x00000000000000f8       0x20 c:/intelfpga_lite/20.1/nios2eds/bin/gnu/h-x86_64-mingw32/bin/../lib/gcc/nios2-elf/10.1.1/../../../../../H-x86_64-mingw32/nios2-elf/lib\libc.a(lib_a-fvwrite.o)
 .debug_aranges
                0x0000000000000118       0x28 c:/intelfpga_lite/20.1/nios2eds/bin/gnu/h-x86_64-mingw32/bin/../lib/gcc/nios2-elf/10.1.1/../../../../../H-x86_64-mingw32/nios2-elf/lib\libc.a(lib_a-fwalk.o)
 .debug_aranges
                0x0000000000000140       0x18 c:/intelfpga_lite/20.1/nios2eds/bin/gnu/h-x86_64-mingw32/bin/../lib/gcc/nios2-elf/10.1.1/../../../../../H-x86_64-mingw32/nios2-elf/lib\libc.a(lib_a-impure.o)
 .debug_aranges
                0x0000000000000158       0x20 c:/intelfpga_lite/20.1/nios2eds/bin/gnu/h-x86_64-mingw32/bin/../lib/gcc/nios2-elf/10.1.1/../../../../../H-x86_64-mingw32/nios2-elf/lib\libc.a(lib_a-mallocr.o)
 .debug_aranges
                0x0000000000000178       0x20 c:/intelfpga_lite/20.1/nios2eds/bin/gnu/h-x86_64-mingw32/bin/../lib/gcc/nios2-elf/10.1.1/../../../../../H-x86_64-mingw32/nios2-elf/lib\libc.a(lib_a-memchr.o)
 .debug_aranges
                0x0000000000000198       0x20 c:/intelfpga_lite/20.1/nios2eds/bin/gnu/h-x86_64-mingw32/bin/../lib/gcc/nios2-elf/10.1.1/../../../../../H-x86_64-mingw32/nios2-elf/lib\libc.a(lib_a-memcpy.o)
 .debug_aranges
                0x00000000000001b8       0x20 c:/intelfpga_lite/20.1/nios2eds/bin/gnu/h-x86_64-mingw32/bin/../lib/gcc/nios2-elf/10.1.1/../../../../../H-x86_64-mingw32/nios2-elf/lib\libc.a(lib_a-memmove.o)
 .debug_aranges
                0x00000000000001d8       0x20 c:/intelfpga_lite/20.1/nios2eds/bin/gnu/h-x86_64-mingw32/bin/../lib/gcc/nios2-elf/10.1.1/../../../../../H-x86_64-mingw32/nios2-elf/lib\libc.a(lib_a-memset.o)
 .debug_aranges
                0x00000000000001f8       0x20 c:/intelfpga_lite/20.1/nios2eds/bin/gnu/h-x86_64-mingw32/bin/../lib/gcc/nios2-elf/10.1.1/../../../../../H-x86_64-mingw32/nios2-elf/lib\libc.a(lib_a-reallocr.o)
 .debug_aranges
                0x0000000000000218       0x20 c:/intelfpga_lite/20.1/nios2eds/bin/gnu/h-x86_64-mingw32/bin/../lib/gcc/nios2-elf/10.1.1/../../../../../H-x86_64-mingw32/nios2-elf/lib\libc.a(lib_a-sbrkr.o)
 .debug_aranges
                0x0000000000000238       0x40 c:/intelfpga_lite/20.1/nios2eds/bin/gnu/h-x86_64-mingw32/bin/../lib/gcc/nios2-elf/10.1.1/../../../../../H-x86_64-mingw32/nios2-elf/lib\libc.a(lib_a-stdio.o)
 .debug_aranges
                0x0000000000000278       0x20 c:/intelfpga_lite/20.1/nios2eds/bin/gnu/h-x86_64-mingw32/bin/../lib/gcc/nios2-elf/10.1.1/../../../../../H-x86_64-mingw32/nios2-elf/lib\libc.a(lib_a-writer.o)
 .debug_aranges
                0x0000000000000298       0x20 c:/intelfpga_lite/20.1/nios2eds/bin/gnu/h-x86_64-mingw32/bin/../lib/gcc/nios2-elf/10.1.1/../../../../../H-x86_64-mingw32/nios2-elf/lib\libc.a(lib_a-wsetup.o)
 .debug_aranges
                0x00000000000002b8       0x20 c:/intelfpga_lite/20.1/nios2eds/bin/gnu/h-x86_64-mingw32/bin/../lib/gcc/nios2-elf/10.1.1/../../../../../H-x86_64-mingw32/nios2-elf/lib\libc.a(closer.o)
 .debug_aranges
                0x00000000000002d8       0x30 c:/intelfpga_lite/20.1/nios2eds/bin/gnu/h-x86_64-mingw32/bin/../lib/gcc/nios2-elf/10.1.1/../../../../../H-x86_64-mingw32/nios2-elf/lib\libc.a(lib_a-fclose.o)
 .debug_aranges
                0x0000000000000308       0x30 c:/intelfpga_lite/20.1/nios2eds/bin/gnu/h-x86_64-mingw32/bin/../lib/gcc/nios2-elf/10.1.1/../../../../../H-x86_64-mingw32/nios2-elf/lib\libc.a(lib_a-fflush.o)
 .debug_aranges
                0x0000000000000338       0x28 c:/intelfpga_lite/20.1/nios2eds/bin/gnu/h-x86_64-mingw32/bin/../lib/gcc/nios2-elf/10.1.1/../../../../../H-x86_64-mingw32/nios2-elf/lib\libc.a(lib_a-freer.o)
 .debug_aranges
                0x0000000000000360       0x18 c:/intelfpga_lite/20.1/nios2eds/bin/gnu/h-x86_64-mingw32/bin/../lib/gcc/nios2-elf/10.1.1/../../../../../H-x86_64-mingw32/nios2-elf/lib\libc.a(lib_a-int_errno.o)
 .debug_aranges
                0x0000000000000378       0x20 c:/intelfpga_lite/20.1/nios2eds/bin/gnu/h-x86_64-mingw32/bin/../lib/gcc/nios2-elf/10.1.1/../../../../../H-x86_64-mingw32/nios2-elf/lib\libc.a(lib_a-lseekr.o)
 .debug_aranges
                0x0000000000000398       0x28 c:/intelfpga_lite/20.1/nios2eds/bin/gnu/h-x86_64-mingw32/bin/../lib/gcc/nios2-elf/10.1.1/../../../../../H-x86_64-mingw32/nios2-elf/lib\libc.a(lib_a-makebuf.o)
 .debug_aranges
                0x00000000000003c0       0x20 c:/intelfpga_lite/20.1/nios2eds/bin/gnu/h-x86_64-mingw32/bin/../lib/gcc/nios2-elf/10.1.1/../../../../../H-x86_64-mingw32/nios2-elf/lib\libc.a(lib_a-readr.o)
 .debug_aranges
                0x00000000000003e0       0x20 c:/intelfpga_lite/20.1/nios2eds/bin/gnu/h-x86_64-mingw32/bin/../lib/gcc/nios2-elf/10.1.1/../../../../../H-x86_64-mingw32/nios2-elf/lib\libc.a(lib_a-fstatr.o)
 .debug_aranges
                0x0000000000000400       0x20 c:/intelfpga_lite/20.1/nios2eds/bin/gnu/h-x86_64-mingw32/bin/../lib/gcc/nios2-elf/10.1.1/../../../../../H-x86_64-mingw32/nios2-elf/lib\libc.a(lib_a-isattyr.o)
 .debug_aranges
                0x0000000000000420       0x20 c:/intelfpga_lite/20.1/nios2eds/bin/gnu/h-x86_64-mingw32/bin/../lib/gcc/nios2-elf/10.1.1\libgcc.a(lib2-divmod.o)
 .debug_aranges
                0x0000000000000440       0x20 c:/Users/Johannes/source/repos/AudioVisualizer/software/SampleProject_bsp/\libhal_bsp.a(alt_close.o)
 .debug_aranges
                0x0000000000000460       0x20 c:/Users/Johannes/source/repos/AudioVisualizer/software/SampleProject_bsp/\libhal_bsp.a(alt_dev.o)
 .debug_aranges
                0x0000000000000480       0x18 c:/Users/Johannes/source/repos/AudioVisualizer/software/SampleProject_bsp/\libhal_bsp.a(alt_errno.o)
 .debug_aranges
                0x0000000000000498       0x20 c:/Users/Johannes/source/repos/AudioVisualizer/software/SampleProject_bsp/\libhal_bsp.a(alt_fstat.o)
 .debug_aranges
                0x00000000000004b8       0x20 c:/Users/Johannes/source/repos/AudioVisualizer/software/SampleProject_bsp/\libhal_bsp.a(alt_isatty.o)
 .debug_aranges